Component: ARM Compiler 5.06 update 7 (build 960) Tool: armlink [4d3601]

==============================================================================

Section Cross References

    startup_tm4c123.o(STACK) refers (Special) to heapauxi.o(.text) for __use_two_region_memory
    startup_tm4c123.o(HEAP) refers (Special) to heapauxi.o(.text) for __use_two_region_memory
    startup_tm4c123.o(RESET) refers (Special) to heapauxi.o(.text) for __use_two_region_memory
    startup_tm4c123.o(RESET) refers to startup_tm4c123.o(STACK) for __initial_sp
    startup_tm4c123.o(RESET) refers to startup_tm4c123.o(.text) for Reset_Handler
    startup_tm4c123.o(RESET) refers to main.o(.text) for SysTick_Handler
    startup_tm4c123.o(RESET) refers to uart.o(.text) for UART1_Handler
    startup_tm4c123.o(RESET) refers to timer0.o(.text) for TIMER0A_Handler
    startup_tm4c123.o(RESET) refers to timer1.o(.text) for TIMER1A_Handler
    startup_tm4c123.o(RESET) refers to texas.o(.text) for TIMER5A_Handler
    startup_tm4c123.o(.text) refers (Special) to heapauxi.o(.text) for __use_two_region_memory
    startup_tm4c123.o(.text) refers to __main.o(!!!main) for __main
    startup_tm4c123.o(.text) refers to startup_tm4c123.o(HEAP) for Heap_Mem
    startup_tm4c123.o(.text) refers to startup_tm4c123.o(STACK) for Stack_Mem
    main.o(.text) refers to random.o(.text) for Random()
    main.o(.text) refers to fflt_clz.o(x$fpl$fflt) for __aeabi_i2f
    main.o(.text) refers to startup_tm4c123.o(.text) for EnableInterrupts
    main.o(.text) refers to slidepot.o(.text) for SlidePot::Sync()
    main.o(.text) refers to faddsub_clz.o(x$fpl$fadd) for __aeabi_fadd
    main.o(.text) refers to frleqf.o(x$fpl$frleqf) for __aeabi_cfrcmple
    main.o(.text) refers to fleqf.o(x$fpl$fleqf) for __aeabi_cfcmple
    main.o(.text) refers to main.o(.bss) for doodler
    main.o(.text) refers to main.o(.constdata) for doodler_sprite
    main.o(.text) refers to main.o(.data) for time
    main.o(.text) refers to faddsub_clz.o(x$fpl$frsb) for __aeabi_frsub
    main.o(.text) refers to ffix.o(x$fpl$ffix) for __aeabi_f2iz
    main.o(.text) refers to faddsub_clz.o(x$fpl$fsub) for __aeabi_fsub
    main.o(.text) refers to st7735.o(.text) for ST7735_DrawBitmap(short, short, const unsigned short*, short, short)
    main.o(.text) refers to feqf.o(x$fpl$feqf) for __aeabi_cfcmpeq
    main.o(.text) refers to pll.o(.text) for PLL_Init(unsigned)
    main.o(.text) refers to texas.o(.text) for TExaS_Init()
    main.o(.text) refers to timer1.o(.text) for Timer1_Init(void(*)(), unsigned)
    main.o(.text) refers to gameengine.o(.text) for PortF_Init()
    main.o(.text) refers to fmul.o(x$fpl$fmul) for __aeabi_fmul
    main.o(.ARM.exidx) refers to main.o(.text) for .text
    main.o(.init_array) refers to main.o(.text) for __sti___8_main_cpp_my
    main.o(.init_array) refers to init_aeabi.o(.text) for __cpp_initialize__aeabi_
    dac.o(.ARM.exidx) refers to dac.o(.text) for .text
    pll.o(.ARM.exidx) refers to pll.o(.text) for .text
    random.o(.text) refers to random.o(.data) for M
    random.o(.ARM.exidx) refers to random.o(.text) for .text
    st7735.o(.text) refers to st7735.o(.data) for RowStart
    st7735.o(.text) refers to st7735.o(.constdata) for Bcmd
    st7735.o(.text) refers to st7735.o(.bss) for Message
    st7735.o(.ARM.exidx) refers to st7735.o(.text) for .text
    slidepot.o(.ARM.exidx) refers to slidepot.o(.text) for .text
    timer0.o(.text) refers to timer0.o(.data) for PeriodicTask0
    timer0.o(.ARM.exidx) refers to timer0.o(.text) for .text
    timer1.o(.text) refers to timer1.o(.data) for PeriodicTask1
    timer1.o(.ARM.exidx) refers to timer1.o(.text) for .text
    uart.o(.text) refers to fifo.o(.text) for Queue::Get(char*)
    uart.o(.text) refers to uart.o(.bss) for RxFifo
    uart.o(.text) refers to uart.o(.data) for errors
    uart.o(.ARM.exidx) refers to uart.o(.text) for .text
    uart.o(.init_array) refers to uart.o(.text) for __sti___8_UART_cpp_RxFifo
    uart.o(.init_array) refers to init_aeabi.o(.text) for __cpp_initialize__aeabi_
    fifo.o(.text) refers to print.o(.text) for LCD_OutDec
    fifo.o(.ARM.exidx) refers to fifo.o(.text) for .text
    texas.o(.text) refers to pll.o(.text) for PLL_Init(unsigned)
    texas.o(.ARM.exidx) refers to texas.o(.text) for .text
    print.o(.text) refers to st7735.o(.text) for ST7735_OutChar
    gameengine.o(.ARM.exidx) refers to gameengine.o(.text) for .text
    __main.o(!!!main) refers to __rtentry.o(.ARM.Collect$$rtentry$$00000000) for __rt_entry
    init_aeabi.o(.emb_text) refers (Special) to libinit2.o(.ARM.Collect$$libinit$$00000031) for __rt_lib_init_cpp_2
    init_aeabi.o(.init_array) refers (Special) to libinit2.o(.ARM.Collect$$libinit$$00000031) for __rt_lib_init_cpp_2
    init_aeabi.o(.init_array) refers to init_aeabi.o(.text) for __cpp_initialize__aeabi_
    init_aeabi.o(.dummy_text) refers (Special) to libinit2.o(.ARM.Collect$$libinit$$00000031) for __rt_lib_init_cpp_2
    init_aeabi.o(.text) refers (Special) to libinit2.o(.ARM.Collect$$libinit$$00000031) for __rt_lib_init_cpp_2
    init_aeabi.o(.ARM.exidx) refers (Special) to libinit2.o(.ARM.Collect$$libinit$$00000031) for __rt_lib_init_cpp_2
    init_aeabi.o(.ARM.exidx) refers to init_aeabi.o(.text) for .text
    faddsub_clz.o(x$fpl$fadd) refers (Special) to usenofp.o(x$fpl$usenofp) for __I$use$fp
    faddsub_clz.o(x$fpl$fadd) refers to faddsub_clz.o(x$fpl$fsub) for _fsub1
    faddsub_clz.o(x$fpl$fadd) refers to fretinf.o(x$fpl$fretinf) for __fpl_fretinf
    faddsub_clz.o(x$fpl$fadd) refers to fnaninf.o(x$fpl$fnaninf) for __fpl_fnaninf
    faddsub_clz.o(x$fpl$frsb) refers (Special) to usenofp.o(x$fpl$usenofp) for __I$use$fp
    faddsub_clz.o(x$fpl$frsb) refers to faddsub_clz.o(x$fpl$fadd) for _fadd1
    faddsub_clz.o(x$fpl$frsb) refers to faddsub_clz.o(x$fpl$fsub) for _fsub1
    faddsub_clz.o(x$fpl$fsub) refers (Special) to usenofp.o(x$fpl$usenofp) for __I$use$fp
    faddsub_clz.o(x$fpl$fsub) refers to faddsub_clz.o(x$fpl$fadd) for _fadd1
    faddsub_clz.o(x$fpl$fsub) refers to fnaninf.o(x$fpl$fnaninf) for __fpl_fnaninf
    feqf.o(x$fpl$feqf) refers (Special) to usenofp.o(x$fpl$usenofp) for __I$use$fp
    feqf.o(x$fpl$feqf) refers to fnaninf.o(x$fpl$fnaninf) for __fpl_fnaninf
    feqf.o(x$fpl$feqf) refers to fcmpi.o(x$fpl$fcmpinf) for __fpl_fcmp_Inf
    ffix.o(x$fpl$ffix) refers (Special) to usenofp.o(x$fpl$usenofp) for __I$use$fp
    ffix.o(x$fpl$ffix) refers to fnaninf.o(x$fpl$fnaninf) for __fpl_fnaninf
    ffix.o(x$fpl$ffixr) refers (Special) to usenofp.o(x$fpl$usenofp) for __I$use$fp
    ffix.o(x$fpl$ffixr) refers to fnaninf.o(x$fpl$fnaninf) for __fpl_fnaninf
    fflt_clz.o(x$fpl$ffltu) refers (Special) to usenofp.o(x$fpl$usenofp) for __I$use$fp
    fflt_clz.o(x$fpl$fflt) refers (Special) to usenofp.o(x$fpl$usenofp) for __I$use$fp
    fflt_clz.o(x$fpl$ffltn) refers (Special) to usenofp.o(x$fpl$usenofp) for __I$use$fp
    fleqf.o(x$fpl$fleqf) refers (Special) to usenofp.o(x$fpl$usenofp) for __I$use$fp
    fleqf.o(x$fpl$fleqf) refers to fnaninf.o(x$fpl$fnaninf) for __fpl_fnaninf
    fleqf.o(x$fpl$fleqf) refers to fcmpi.o(x$fpl$fcmpinf) for __fpl_fcmp_Inf
    fmul.o(x$fpl$fmul) refers (Special) to usenofp.o(x$fpl$usenofp) for __I$use$fp
    fmul.o(x$fpl$fmul) refers to fretinf.o(x$fpl$fretinf) for __fpl_fretinf
    fmul.o(x$fpl$fmul) refers to fnaninf.o(x$fpl$fnaninf) for __fpl_fnaninf
    frleqf.o(x$fpl$frleqf) refers (Special) to usenofp.o(x$fpl$usenofp) for __I$use$fp
    frleqf.o(x$fpl$frleqf) refers to fleqf.o(x$fpl$fleqf) for __fpl_fcmple_InfNaN
    __rtentry.o(.ARM.Collect$$rtentry$$00000000) refers (Special) to __rtentry2.o(.ARM.Collect$$rtentry$$0000000A) for __rt_entry_li
    __rtentry.o(.ARM.Collect$$rtentry$$00000000) refers (Special) to __rtentry2.o(.ARM.Collect$$rtentry$$0000000D) for __rt_entry_main
    __rtentry.o(.ARM.Collect$$rtentry$$00000000) refers (Special) to __rtentry2.o(.ARM.Collect$$rtentry$$0000000C) for __rt_entry_postli_1
    __rtentry.o(.ARM.Collect$$rtentry$$00000000) refers (Special) to __rtentry2.o(.ARM.Collect$$rtentry$$00000009) for __rt_entry_postsh_1
    __rtentry.o(.ARM.Collect$$rtentry$$00000000) refers (Special) to __rtentry2.o(.ARM.Collect$$rtentry$$00000002) for __rt_entry_presh_1
    __rtentry.o(.ARM.Collect$$rtentry$$00000000) refers (Special) to __rtentry4.o(.ARM.Collect$$rtentry$$00000004) for __rt_entry_sh
    libinit2.o(.ARM.Collect$$libinit$$00000010) refers to libinit2.o(.ARM.Collect$$libinit$$0000000F) for .ARM.Collect$$libinit$$0000000F
    libinit2.o(.ARM.Collect$$libinit$$00000012) refers to libinit2.o(.ARM.Collect$$libinit$$0000000F) for .ARM.Collect$$libinit$$0000000F
    libinit2.o(.ARM.Collect$$libinit$$00000014) refers to libinit2.o(.ARM.Collect$$libinit$$0000000F) for .ARM.Collect$$libinit$$0000000F
    libinit2.o(.ARM.Collect$$libinit$$00000016) refers to libinit2.o(.ARM.Collect$$libinit$$0000000F) for .ARM.Collect$$libinit$$0000000F
    libinit2.o(.ARM.Collect$$libinit$$00000018) refers to libinit2.o(.ARM.Collect$$libinit$$0000000F) for .ARM.Collect$$libinit$$0000000F
    libinit2.o(.ARM.Collect$$libinit$$00000026) refers to argv_veneer.o(.emb_text) for __ARM_argv_veneer
    libinit2.o(.ARM.Collect$$libinit$$00000027) refers to argv_veneer.o(.emb_text) for __ARM_argv_veneer
    libinit2.o(.ARM.Collect$$libinit$$00000031) refers (Weak) to init_aeabi.o(.text) for __cpp_initialize__aeabi_
    fcmpi.o(x$fpl$fcmpinf) refers (Special) to usenofp.o(x$fpl$usenofp) for __I$use$fp
    fnaninf.o(x$fpl$fnaninf) refers (Special) to usenofp.o(x$fpl$usenofp) for __I$use$fp
    fretinf.o(x$fpl$fretinf) refers (Special) to usenofp.o(x$fpl$usenofp) for __I$use$fp
    __rtentry2.o(.ARM.Collect$$rtentry$$00000008) refers to boardinit2.o(.text) for _platform_post_stackheap_init
    __rtentry2.o(.ARM.Collect$$rtentry$$0000000A) refers to libinit.o(.ARM.Collect$$libinit$$00000000) for __rt_lib_init
    __rtentry2.o(.ARM.Collect$$rtentry$$0000000B) refers to boardinit3.o(.text) for _platform_post_lib_init
    __rtentry2.o(.ARM.Collect$$rtentry$$0000000D) refers to main.o(.text) for main
    __rtentry2.o(.ARM.Collect$$rtentry$$0000000D) refers to exit.o(.text) for exit
    __rtentry2.o(.ARM.exidx) refers to __rtentry2.o(.ARM.Collect$$rtentry$$00000001) for .ARM.Collect$$rtentry$$00000001
    __rtentry2.o(.ARM.exidx) refers to __rtentry2.o(.ARM.Collect$$rtentry$$00000008) for .ARM.Collect$$rtentry$$00000008
    __rtentry2.o(.ARM.exidx) refers to __rtentry2.o(.ARM.Collect$$rtentry$$0000000A) for .ARM.Collect$$rtentry$$0000000A
    __rtentry2.o(.ARM.exidx) refers to __rtentry2.o(.ARM.Collect$$rtentry$$0000000B) for .ARM.Collect$$rtentry$$0000000B
    __rtentry2.o(.ARM.exidx) refers to __rtentry2.o(.ARM.Collect$$rtentry$$0000000D) for .ARM.Collect$$rtentry$$0000000D
    __rtentry4.o(.ARM.Collect$$rtentry$$00000004) refers to sys_stackheap_outer.o(.text) for __user_setup_stackheap
    __rtentry4.o(.ARM.exidx) refers to __rtentry4.o(.ARM.Collect$$rtentry$$00000004) for .ARM.Collect$$rtentry$$00000004
    argv_veneer.o(.emb_text) refers to no_argv.o(.text) for __ARM_get_argv
    sys_stackheap_outer.o(.text) refers to libspace.o(.text) for __user_perproc_libspace
    sys_stackheap_outer.o(.text) refers to startup_tm4c123.o(.text) for __user_initial_stackheap
    exit.o(.text) refers to rtexit.o(.ARM.Collect$$rtexit$$00000000) for __rt_exit
    _get_argv_nomalloc.o(.text) refers (Special) to hrguard.o(.text) for __heap_region$guard
    _get_argv_nomalloc.o(.text) refers to defsig_rtmem_outer.o(.text) for __rt_SIGRTMEM
    _get_argv_nomalloc.o(.text) refers to sys_command.o(.text) for _sys_command_string
    libinit.o(.ARM.Collect$$libinit$$00000000) refers (Special) to libinit2.o(.ARM.Collect$$libinit$$0000002E) for __rt_lib_init_alloca_1
    libinit.o(.ARM.Collect$$libinit$$00000000) refers (Special) to libinit2.o(.ARM.Collect$$libinit$$0000002C) for __rt_lib_init_argv_1
    libinit.o(.ARM.Collect$$libinit$$00000000) refers (Special) to libinit2.o(.ARM.Collect$$libinit$$0000001B) for __rt_lib_init_atexit_1
    libinit.o(.ARM.Collect$$libinit$$00000000) refers (Special) to libinit2.o(.ARM.Collect$$libinit$$00000021) for __rt_lib_init_clock_1
    libinit.o(.ARM.Collect$$libinit$$00000000) refers (Special) to libinit2.o(.ARM.Collect$$libinit$$00000032) for __rt_lib_init_cpp_1
    libinit.o(.ARM.Collect$$libinit$$00000000) refers (Special) to libinit2.o(.ARM.Collect$$libinit$$00000030) for __rt_lib_init_exceptions_1
    libinit.o(.ARM.Collect$$libinit$$00000000) refers (Special) to libinit2.o(.ARM.Collect$$libinit$$00000002) for __rt_lib_init_fp_1
    libinit.o(.ARM.Collect$$libinit$$00000000) refers (Special) to libinit2.o(.ARM.Collect$$libinit$$0000001F) for __rt_lib_init_fp_trap_1
    libinit.o(.ARM.Collect$$libinit$$00000000) refers (Special) to libinit2.o(.ARM.Collect$$libinit$$00000023) for __rt_lib_init_getenv_1
    libinit.o(.ARM.Collect$$libinit$$00000000) refers (Special) to libinit2.o(.ARM.Collect$$libinit$$0000000A) for __rt_lib_init_heap_1
    libinit.o(.ARM.Collect$$libinit$$00000000) refers (Special) to libinit2.o(.ARM.Collect$$libinit$$00000011) for __rt_lib_init_lc_collate_1
    libinit.o(.ARM.Collect$$libinit$$00000000) refers (Special) to libinit2.o(.ARM.Collect$$libinit$$00000013) for __rt_lib_init_lc_ctype_1
    libinit.o(.ARM.Collect$$libinit$$00000000) refers (Special) to libinit2.o(.ARM.Collect$$libinit$$00000015) for __rt_lib_init_lc_monetary_1
    libinit.o(.ARM.Collect$$libinit$$00000000) refers (Special) to libinit2.o(.ARM.Collect$$libinit$$00000017) for __rt_lib_init_lc_numeric_1
    libinit.o(.ARM.Collect$$libinit$$00000000) refers (Special) to libinit2.o(.ARM.Collect$$libinit$$00000019) for __rt_lib_init_lc_time_1
    libinit.o(.ARM.Collect$$libinit$$00000000) refers (Special) to libinit2.o(.ARM.Collect$$libinit$$00000004) for __rt_lib_init_preinit_1
    libinit.o(.ARM.Collect$$libinit$$00000000) refers (Special) to libinit2.o(.ARM.Collect$$libinit$$0000000E) for __rt_lib_init_rand_1
    libinit.o(.ARM.Collect$$libinit$$00000000) refers (Special) to libinit2.o(.ARM.Collect$$libinit$$00000033) for __rt_lib_init_return
    libinit.o(.ARM.Collect$$libinit$$00000000) refers (Special) to libinit2.o(.ARM.Collect$$libinit$$0000001D) for __rt_lib_init_signal_1
    libinit.o(.ARM.Collect$$libinit$$00000000) refers (Special) to libinit2.o(.ARM.Collect$$libinit$$00000025) for __rt_lib_init_stdio_1
    libinit.o(.ARM.Collect$$libinit$$00000000) refers (Special) to libinit2.o(.ARM.Collect$$libinit$$0000000C) for __rt_lib_init_user_alloc_1
    sys_command.o(.text) refers (Special) to use_no_semi.o(.text) for __I$use$semihosting
    sys_command.o(.text) refers (Special) to indicate_semi.o(.text) for __semihosting_library_function
    libspace.o(.text) refers to libspace.o(.bss) for __libspace_start
    rtexit.o(.ARM.Collect$$rtexit$$00000000) refers (Special) to rtexit2.o(.ARM.Collect$$rtexit$$00000004) for __rt_exit_exit
    rtexit.o(.ARM.Collect$$rtexit$$00000000) refers (Special) to rtexit2.o(.ARM.Collect$$rtexit$$00000003) for __rt_exit_ls
    rtexit.o(.ARM.Collect$$rtexit$$00000000) refers (Special) to rtexit2.o(.ARM.Collect$$rtexit$$00000002) for __rt_exit_prels_1
    rtexit.o(.ARM.exidx) refers (Special) to rtexit2.o(.ARM.Collect$$rtexit$$00000004) for __rt_exit_exit
    rtexit.o(.ARM.exidx) refers (Special) to rtexit2.o(.ARM.Collect$$rtexit$$00000003) for __rt_exit_ls
    rtexit.o(.ARM.exidx) refers (Special) to rtexit2.o(.ARM.Collect$$rtexit$$00000002) for __rt_exit_prels_1
    rtexit.o(.ARM.exidx) refers to rtexit.o(.ARM.Collect$$rtexit$$00000000) for .ARM.Collect$$rtexit$$00000000
    defsig_rtmem_outer.o(.text) refers to defsig_rtmem_inner.o(.text) for __rt_SIGRTMEM_inner
    defsig_rtmem_outer.o(.text) refers to defsig_exit.o(.text) for __sig_exit
    defsig_rtmem_formal.o(.text) refers to rt_raise.o(.text) for __rt_raise
    rtexit2.o(.ARM.Collect$$rtexit$$00000003) refers to libshutdown.o(.ARM.Collect$$libshutdown$$00000000) for __rt_lib_shutdown
    rtexit2.o(.ARM.Collect$$rtexit$$00000004) refers to sys_exit.o(.text) for _sys_exit
    rtexit2.o(.ARM.exidx) refers to rtexit2.o(.ARM.Collect$$rtexit$$00000001) for .ARM.Collect$$rtexit$$00000001
    rtexit2.o(.ARM.exidx) refers to rtexit2.o(.ARM.Collect$$rtexit$$00000003) for .ARM.Collect$$rtexit$$00000003
    rtexit2.o(.ARM.exidx) refers to rtexit2.o(.ARM.Collect$$rtexit$$00000004) for .ARM.Collect$$rtexit$$00000004
    rt_raise.o(.text) refers to __raise.o(.text) for __raise
    rt_raise.o(.text) refers to sys_exit.o(.text) for _sys_exit
    defsig_exit.o(.text) refers to sys_exit.o(.text) for _sys_exit
    defsig_rtmem_inner.o(.text) refers to defsig_general.o(.text) for __default_signal_display
    sys_exit.o(.text) refers (Special) to use_no_semi.o(.text) for __I$use$semihosting
    sys_exit.o(.text) refers (Special) to indicate_semi.o(.text) for __semihosting_library_function
    __raise.o(.text) refers to defsig.o(CL$$defsig) for __default_signal_handler
    defsig_general.o(.text) refers to sys_wrch.o(.text) for _ttywrch
    libshutdown.o(.ARM.Collect$$libshutdown$$00000000) refers (Special) to libshutdown2.o(.ARM.Collect$$libshutdown$$00000004) for __rt_lib_shutdown_cpp_1
    libshutdown.o(.ARM.Collect$$libshutdown$$00000000) refers (Special) to libshutdown2.o(.ARM.Collect$$libshutdown$$00000002) for __rt_lib_shutdown_fini_1
    libshutdown.o(.ARM.Collect$$libshutdown$$00000000) refers (Special) to libshutdown2.o(.ARM.Collect$$libshutdown$$00000009) for __rt_lib_shutdown_fp_trap_1
    libshutdown.o(.ARM.Collect$$libshutdown$$00000000) refers (Special) to libshutdown2.o(.ARM.Collect$$libshutdown$$00000011) for __rt_lib_shutdown_heap_1
    libshutdown.o(.ARM.Collect$$libshutdown$$00000000) refers (Special) to libshutdown2.o(.ARM.Collect$$libshutdown$$00000012) for __rt_lib_shutdown_return
    libshutdown.o(.ARM.Collect$$libshutdown$$00000000) refers (Special) to libshutdown2.o(.ARM.Collect$$libshutdown$$0000000C) for __rt_lib_shutdown_signal_1
    libshutdown.o(.ARM.Collect$$libshutdown$$00000000) refers (Special) to libshutdown2.o(.ARM.Collect$$libshutdown$$00000006) for __rt_lib_shutdown_stdio_1
    libshutdown.o(.ARM.Collect$$libshutdown$$00000000) refers (Special) to libshutdown2.o(.ARM.Collect$$libshutdown$$0000000E) for __rt_lib_shutdown_user_alloc_1
    sys_wrch.o(.text) refers (Special) to use_no_semi.o(.text) for __I$use$semihosting
    sys_wrch.o(.text) refers (Special) to indicate_semi.o(.text) for __semihosting_library_function
    defsig.o(CL$$defsig) refers to defsig_rtmem_inner.o(.text) for __rt_SIGRTMEM_inner
    defsig_abrt_inner.o(.text) refers to defsig_general.o(.text) for __default_signal_display
    defsig_fpe_inner.o(.text) refers to defsig_general.o(.text) for __default_signal_display
    defsig_rtred_inner.o(.text) refers to defsig_general.o(.text) for __default_signal_display
    defsig_stak_inner.o(.text) refers to defsig_general.o(.text) for __default_signal_display
    defsig_pvfn_inner.o(.text) refers to defsig_general.o(.text) for __default_signal_display
    defsig_cppl_inner.o(.text) refers to defsig_general.o(.text) for __default_signal_display
    defsig_segv_inner.o(.text) refers to defsig_general.o(.text) for __default_signal_display
    defsig_other.o(.text) refers to defsig_general.o(.text) for __default_signal_display


==============================================================================

Removing Unused input sections from the image.

    Removing main.o(.ARM.exidx), (8 bytes).
    Removing dac.o(.text), (84 bytes).
    Removing dac.o(.ARM.exidx), (8 bytes).
    Removing pll.o(.ARM.exidx), (8 bytes).
    Removing random.o(.ARM.exidx), (8 bytes).
    Removing st7735.o(.ARM.exidx), (8 bytes).
    Removing slidepot.o(.ARM.exidx), (8 bytes).
    Removing timer0.o(.ARM.exidx), (8 bytes).
    Removing timer1.o(.ARM.exidx), (8 bytes).
    Removing uart.o(.ARM.exidx), (8 bytes).
    Removing fifo.o(.ARM.exidx), (8 bytes).
    Removing texas.o(.ARM.exidx), (8 bytes).
    Removing gameengine.o(.ARM.exidx), (8 bytes).

13 unused section(s) (total 180 bytes) removed from the image.

==============================================================================

Image Symbol Table

    Local Symbols

    Symbol Name                              Value     Ov Type        Size  Object(Section)

    RESET                                    0x00000000   Section      620  startup_tm4c123.o(RESET)
    ../clib/angel/boardlib.s                 0x00000000   Number         0  boardinit1.o ABSOLUTE
    ../clib/angel/boardlib.s                 0x00000000   Number         0  boardinit3.o ABSOLUTE
    ../clib/angel/boardlib.s                 0x00000000   Number         0  boardinit2.o ABSOLUTE
    ../clib/angel/boardlib.s                 0x00000000   Number         0  boardshut.o ABSOLUTE
    ../clib/angel/handlers.s                 0x00000000   Number         0  __scatter_zi.o ABSOLUTE
    ../clib/angel/handlers.s                 0x00000000   Number         0  __scatter_copy.o ABSOLUTE
    ../clib/angel/kernel.s                   0x00000000   Number         0  rtexit.o ABSOLUTE
    ../clib/angel/kernel.s                   0x00000000   Number         0  __rtentry.o ABSOLUTE
    ../clib/angel/kernel.s                   0x00000000   Number         0  __rtentry2.o ABSOLUTE
    ../clib/angel/kernel.s                   0x00000000   Number         0  __rtentry4.o ABSOLUTE
    ../clib/angel/kernel.s                   0x00000000   Number         0  rtexit2.o ABSOLUTE
    ../clib/angel/rt.s                       0x00000000   Number         0  rt_raise.o ABSOLUTE
    ../clib/angel/scatter.s                  0x00000000   Number         0  __scatter.o ABSOLUTE
    ../clib/angel/startup.s                  0x00000000   Number         0  __main.o ABSOLUTE
    ../clib/angel/sys.s                      0x00000000   Number         0  use_no_semi.o ABSOLUTE
    ../clib/angel/sys.s                      0x00000000   Number         0  libspace.o ABSOLUTE
    ../clib/angel/sys.s                      0x00000000   Number         0  sys_stackheap_outer.o ABSOLUTE
    ../clib/angel/sys.s                      0x00000000   Number         0  indicate_semi.o ABSOLUTE
    ../clib/angel/sysapp.c                   0x00000000   Number         0  sys_command.o ABSOLUTE
    ../clib/angel/sysapp.c                   0x00000000   Number         0  sys_exit.o ABSOLUTE
    ../clib/angel/sysapp.c                   0x00000000   Number         0  sys_wrch.o ABSOLUTE
    ../clib/arm_runtime.c                    0x00000000   Number         0  init_aeabi.o ABSOLUTE
    ../clib/arm_runtime.c                    0x00000000   Number         0  init_aeabi.o ABSOLUTE
    ../clib/armsys.c                         0x00000000   Number         0  no_argv.o ABSOLUTE
    ../clib/armsys.c                         0x00000000   Number         0  argv_veneer.o ABSOLUTE
    ../clib/armsys.c                         0x00000000   Number         0  argv_veneer.o ABSOLUTE
    ../clib/armsys.c                         0x00000000   Number         0  _get_argv_nomalloc.o ABSOLUTE
    ../clib/heapalloc.c                      0x00000000   Number         0  hrguard.o ABSOLUTE
    ../clib/heapaux.c                        0x00000000   Number         0  heapauxi.o ABSOLUTE
    ../clib/libinit.s                        0x00000000   Number         0  libinit.o ABSOLUTE
    ../clib/libinit.s                        0x00000000   Number         0  libshutdown2.o ABSOLUTE
    ../clib/libinit.s                        0x00000000   Number         0  libinit2.o ABSOLUTE
    ../clib/libinit.s                        0x00000000   Number         0  libshutdown.o ABSOLUTE
    ../clib/signal.c                         0x00000000   Number         0  defsig_rtmem_inner.o ABSOLUTE
    ../clib/signal.c                         0x00000000   Number         0  defsig_exit.o ABSOLUTE
    ../clib/signal.c                         0x00000000   Number         0  defsig_general.o ABSOLUTE
    ../clib/signal.c                         0x00000000   Number         0  defsig_rtmem_formal.o ABSOLUTE
    ../clib/signal.c                         0x00000000   Number         0  defsig_rtmem_outer.o ABSOLUTE
    ../clib/signal.c                         0x00000000   Number         0  defsig_rtred_inner.o ABSOLUTE
    ../clib/signal.c                         0x00000000   Number         0  defsig_abrt_inner.o ABSOLUTE
    ../clib/signal.c                         0x00000000   Number         0  defsig_fpe_inner.o ABSOLUTE
    ../clib/signal.c                         0x00000000   Number         0  __raise.o ABSOLUTE
    ../clib/signal.c                         0x00000000   Number         0  defsig_other.o ABSOLUTE
    ../clib/signal.c                         0x00000000   Number         0  defsig_segv_inner.o ABSOLUTE
    ../clib/signal.c                         0x00000000   Number         0  defsig_cppl_inner.o ABSOLUTE
    ../clib/signal.c                         0x00000000   Number         0  defsig_pvfn_inner.o ABSOLUTE
    ../clib/signal.c                         0x00000000   Number         0  defsig_stak_inner.o ABSOLUTE
    ../clib/signal.s                         0x00000000   Number         0  defsig.o ABSOLUTE
    ../clib/stdlib.c                         0x00000000   Number         0  exit.o ABSOLUTE
    ../fplib/faddsub.s                       0x00000000   Number         0  faddsub_clz.o ABSOLUTE
    ../fplib/fcmpi.s                         0x00000000   Number         0  fcmpi.o ABSOLUTE
    ../fplib/feqf.s                          0x00000000   Number         0  feqf.o ABSOLUTE
    ../fplib/ffix.s                          0x00000000   Number         0  ffix.o ABSOLUTE
    ../fplib/fflt.s                          0x00000000   Number         0  fflt_clz.o ABSOLUTE
    ../fplib/fleqf.s                         0x00000000   Number         0  fleqf.o ABSOLUTE
    ../fplib/fmul.s                          0x00000000   Number         0  fmul.o ABSOLUTE
    ../fplib/fnaninf.s                       0x00000000   Number         0  fnaninf.o ABSOLUTE
    ../fplib/fpinit.s                        0x00000000   Number         0  fpinit.o ABSOLUTE
    ../fplib/fretinf.s                       0x00000000   Number         0  fretinf.o ABSOLUTE
    ../fplib/frleqf.s                        0x00000000   Number         0  frleqf.o ABSOLUTE
    ../fplib/usenofp.s                       0x00000000   Number         0  usenofp.o ABSOLUTE
    DAC.cpp                                  0x00000000   Number         0  dac.o ABSOLUTE
    FIFO.cpp                                 0x00000000   Number         0  fifo.o ABSOLUTE
    PLL.cpp                                  0x00000000   Number         0  pll.o ABSOLUTE
    ST7735.cpp                               0x00000000   Number         0  st7735.o ABSOLUTE
    SlidePot.cpp                             0x00000000   Number         0  slidepot.o ABSOLUTE
    Sound.cpp                                0x00000000   Number         0  sound.o ABSOLUTE
    TExaS.cpp                                0x00000000   Number         0  texas.o ABSOLUTE
    Timer0.cpp                               0x00000000   Number         0  timer0.o ABSOLUTE
    Timer1.cpp                               0x00000000   Number         0  timer1.o ABSOLUTE
    UART.cpp                                 0x00000000   Number         0  uart.o ABSOLUTE
    dc.s                                     0x00000000   Number         0  dc.o ABSOLUTE
    gameEngine.cpp                           0x00000000   Number         0  gameengine.o ABSOLUTE
    main.cpp                                 0x00000000   Number         0  main.o ABSOLUTE
    print.s                                  0x00000000   Number         0  print.o ABSOLUTE
    random.cpp                               0x00000000   Number         0  random.o ABSOLUTE
    startup_TM4C123.s                        0x00000000   Number         0  startup_tm4c123.o ABSOLUTE
    !!!main                                  0x0000026c   Section        8  __main.o(!!!main)
    !!!scatter                               0x00000274   Section       52  __scatter.o(!!!scatter)
    !!handler_copy                           0x000002a8   Section       26  __scatter_copy.o(!!handler_copy)
    !!handler_zi                             0x000002c4   Section       28  __scatter_zi.o(!!handler_zi)
    .ARM.Collect$$libinit$$00000000          0x000002e0   Section        2  libinit.o(.ARM.Collect$$libinit$$00000000)
    .ARM.Collect$$libinit$$00000002          0x000002e2   Section        0  libinit2.o(.ARM.Collect$$libinit$$00000002)
    .ARM.Collect$$libinit$$00000004          0x000002e2   Section        0  libinit2.o(.ARM.Collect$$libinit$$00000004)
    .ARM.Collect$$libinit$$0000000A          0x000002e2   Section        0  libinit2.o(.ARM.Collect$$libinit$$0000000A)
    .ARM.Collect$$libinit$$0000000C          0x000002e2   Section        0  libinit2.o(.ARM.Collect$$libinit$$0000000C)
    .ARM.Collect$$libinit$$0000000E          0x000002e2   Section        0  libinit2.o(.ARM.Collect$$libinit$$0000000E)
    .ARM.Collect$$libinit$$00000011          0x000002e2   Section        0  libinit2.o(.ARM.Collect$$libinit$$00000011)
    .ARM.Collect$$libinit$$00000013          0x000002e2   Section        0  libinit2.o(.ARM.Collect$$libinit$$00000013)
    .ARM.Collect$$libinit$$00000015          0x000002e2   Section        0  libinit2.o(.ARM.Collect$$libinit$$00000015)
    .ARM.Collect$$libinit$$00000017          0x000002e2   Section        0  libinit2.o(.ARM.Collect$$libinit$$00000017)
    .ARM.Collect$$libinit$$00000019          0x000002e2   Section        0  libinit2.o(.ARM.Collect$$libinit$$00000019)
    .ARM.Collect$$libinit$$0000001B          0x000002e2   Section        0  libinit2.o(.ARM.Collect$$libinit$$0000001B)
    .ARM.Collect$$libinit$$0000001D          0x000002e2   Section        0  libinit2.o(.ARM.Collect$$libinit$$0000001D)
    .ARM.Collect$$libinit$$0000001F          0x000002e2   Section        0  libinit2.o(.ARM.Collect$$libinit$$0000001F)
    .ARM.Collect$$libinit$$00000021          0x000002e2   Section        0  libinit2.o(.ARM.Collect$$libinit$$00000021)
    .ARM.Collect$$libinit$$00000023          0x000002e2   Section        0  libinit2.o(.ARM.Collect$$libinit$$00000023)
    .ARM.Collect$$libinit$$00000025          0x000002e2   Section        0  libinit2.o(.ARM.Collect$$libinit$$00000025)
    .ARM.Collect$$libinit$$0000002C          0x000002e2   Section        0  libinit2.o(.ARM.Collect$$libinit$$0000002C)
    .ARM.Collect$$libinit$$0000002E          0x000002e2   Section        0  libinit2.o(.ARM.Collect$$libinit$$0000002E)
    .ARM.Collect$$libinit$$00000030          0x000002e2   Section        0  libinit2.o(.ARM.Collect$$libinit$$00000030)
    .ARM.Collect$$libinit$$00000031          0x000002e2   Section        4  libinit2.o(.ARM.Collect$$libinit$$00000031)
    .ARM.Collect$$libinit$$00000032          0x000002e6   Section        0  libinit2.o(.ARM.Collect$$libinit$$00000032)
    .ARM.Collect$$libinit$$00000033          0x000002e6   Section        2  libinit2.o(.ARM.Collect$$libinit$$00000033)
    .ARM.Collect$$libshutdown$$00000000      0x000002e8   Section        2  libshutdown.o(.ARM.Collect$$libshutdown$$00000000)
    .ARM.Collect$$libshutdown$$00000002      0x000002ea   Section        0  libshutdown2.o(.ARM.Collect$$libshutdown$$00000002)
    .ARM.Collect$$libshutdown$$00000004      0x000002ea   Section        0  libshutdown2.o(.ARM.Collect$$libshutdown$$00000004)
    .ARM.Collect$$libshutdown$$00000006      0x000002ea   Section        0  libshutdown2.o(.ARM.Collect$$libshutdown$$00000006)
    .ARM.Collect$$libshutdown$$00000009      0x000002ea   Section        0  libshutdown2.o(.ARM.Collect$$libshutdown$$00000009)
    .ARM.Collect$$libshutdown$$0000000C      0x000002ea   Section        0  libshutdown2.o(.ARM.Collect$$libshutdown$$0000000C)
    .ARM.Collect$$libshutdown$$0000000E      0x000002ea   Section        0  libshutdown2.o(.ARM.Collect$$libshutdown$$0000000E)
    .ARM.Collect$$libshutdown$$00000011      0x000002ea   Section        0  libshutdown2.o(.ARM.Collect$$libshutdown$$00000011)
    .ARM.Collect$$libshutdown$$00000012      0x000002ea   Section        2  libshutdown2.o(.ARM.Collect$$libshutdown$$00000012)
    .ARM.Collect$$rtentry$$00000000          0x000002ec   Section        0  __rtentry.o(.ARM.Collect$$rtentry$$00000000)
    .ARM.Collect$$rtentry$$00000002          0x000002ec   Section        0  __rtentry2.o(.ARM.Collect$$rtentry$$00000002)
    .ARM.Collect$$rtentry$$00000004          0x000002ec   Section        6  __rtentry4.o(.ARM.Collect$$rtentry$$00000004)
    .ARM.Collect$$rtentry$$00000009          0x000002f2   Section        0  __rtentry2.o(.ARM.Collect$$rtentry$$00000009)
    .ARM.Collect$$rtentry$$0000000A          0x000002f2   Section        4  __rtentry2.o(.ARM.Collect$$rtentry$$0000000A)
    .ARM.Collect$$rtentry$$0000000C          0x000002f6   Section        0  __rtentry2.o(.ARM.Collect$$rtentry$$0000000C)
    .ARM.Collect$$rtentry$$0000000D          0x000002f6   Section        8  __rtentry2.o(.ARM.Collect$$rtentry$$0000000D)
    .ARM.Collect$$rtexit$$00000000           0x000002fe   Section        2  rtexit.o(.ARM.Collect$$rtexit$$00000000)
    .ARM.Collect$$rtexit$$00000002           0x00000300   Section        0  rtexit2.o(.ARM.Collect$$rtexit$$00000002)
    .ARM.Collect$$rtexit$$00000003           0x00000300   Section        4  rtexit2.o(.ARM.Collect$$rtexit$$00000003)
    .ARM.Collect$$rtexit$$00000004           0x00000304   Section        6  rtexit2.o(.ARM.Collect$$rtexit$$00000004)
    .text                                    0x0000030c   Section      296  startup_tm4c123.o(.text)
    .text                                    0x00000434   Section        0  main.o(.text)
    __sti___8_main_cpp_my                    0x00001abd   Thumb Code    16  main.o(.text)
    .text                                    0x00001b28   Section        0  pll.o(.text)
    .text                                    0x00001ba4   Section        0  random.o(.text)
    .text                                    0x00001be4   Section        0  st7735.o(.text)
    writecommand(unsigned char)              0x00001be5   Thumb Code    46  st7735.o(.text)
    writedata(unsigned char)                 0x00001c13   Thumb Code    26  st7735.o(.text)
    deselect()                               0x00001c2d   Thumb Code    24  st7735.o(.text)
    commandList(const unsigned char*)        0x00001c65   Thumb Code    86  st7735.o(.text)
    commonInit(const unsigned char*)         0x00001cbb   Thumb Code   342  st7735.o(.text)
    setAddrWindow(unsigned char, unsigned char, unsigned char, unsigned char) 0x00001e11   Thumb Code   106  st7735.o(.text)
    pushColor(unsigned short)                0x00002031   Thumb Code    18  st7735.o(.text)
    .text                                    0x00002c88   Section        0  slidepot.o(.text)
    .text                                    0x00002ddc   Section        0  timer0.o(.text)
    .text                                    0x00002e4c   Section        0  timer1.o(.text)
    .text                                    0x00002ebc   Section        0  uart.o(.text)
    __sti___8_UART_cpp_RxFifo                0x000030a1   Thumb Code    10  uart.o(.text)
    .text                                    0x000030d4   Section        0  fifo.o(.text)
    .text                                    0x00003188   Section        0  texas.o(.text)
    .text                                    0x00003388   Section      268  print.o(.text)
    .text                                    0x00003494   Section        0  gameengine.o(.text)
    .text                                    0x0000359c   Section        0  heapauxi.o(.text)
    .text                                    0x000035a4   Section        0  init_aeabi.o(.text)
    .text                                    0x000035c8   Section       74  sys_stackheap_outer.o(.text)
    .text                                    0x00003612   Section        0  exit.o(.text)
    .text                                    0x00003624   Section        8  libspace.o(.text)
    .text                                    0x0000362c   Section        2  use_no_semi.o(.text)
    .text                                    0x0000362e   Section        0  indicate_semi.o(.text)
    .text                                    0x00003630   Section        0  sys_exit.o(.text)
    x$fpl$fadd                               0x0000363c   Section      196  faddsub_clz.o(x$fpl$fadd)
    _fadd1                                   0x0000364b   Thumb Code     0  faddsub_clz.o(x$fpl$fadd)
    x$fpl$fcmpinf                            0x00003700   Section       24  fcmpi.o(x$fpl$fcmpinf)
    x$fpl$feqf                               0x00003718   Section      104  feqf.o(x$fpl$feqf)
    x$fpl$ffix                               0x00003780   Section       54  ffix.o(x$fpl$ffix)
    x$fpl$fflt                               0x000037b8   Section       48  fflt_clz.o(x$fpl$fflt)
    x$fpl$fleqf                              0x000037e8   Section      104  fleqf.o(x$fpl$fleqf)
    x$fpl$fmul                               0x00003850   Section      258  fmul.o(x$fpl$fmul)
    x$fpl$fnaninf                            0x00003952   Section      140  fnaninf.o(x$fpl$fnaninf)
    x$fpl$fretinf                            0x000039de   Section       10  fretinf.o(x$fpl$fretinf)
    x$fpl$frleqf                             0x000039e8   Section       98  frleqf.o(x$fpl$frleqf)
    x$fpl$frsb                               0x00003a4a   Section       20  faddsub_clz.o(x$fpl$frsb)
    x$fpl$fsub                               0x00003a60   Section      234  faddsub_clz.o(x$fpl$fsub)
    _fsub1                                   0x00003a6f   Thumb Code     0  faddsub_clz.o(x$fpl$fsub)
    .constdata                               0x00003b4a   Section    12800  main.o(.constdata)
    x$fpl$usenofp                            0x00003b4a   Section        0  usenofp.o(x$fpl$usenofp)
    doodler_sprite                           0x00003b4a   Data        1012  main.o(.constdata)
    green_platform_sprite                    0x00003f3e   Data         660  main.o(.constdata)
    blue_platform_sprite                     0x000041d2   Data         682  main.o(.constdata)
    red_enemy_sprite                         0x0000447c   Data         588  main.o(.constdata)
    blue_enemy_sprite                        0x000046c8   Data         884  main.o(.constdata)
    peashot_sprite                           0x00004a3c   Data         200  main.o(.constdata)
    titlelogo                                0x00004b04   Data        5408  main.o(.constdata)
    white                                    0x00006024   Data        1012  main.o(.constdata)
    clearedplatform                          0x00006418   Data         682  main.o(.constdata)
    peashotclear                             0x000066c2   Data         200  main.o(.constdata)
    blueclear                                0x0000678a   Data         884  main.o(.constdata)
    redclear                                 0x00006afe   Data         588  main.o(.constdata)
    .constdata                               0x00006d4a   Section     2114  st7735.o(.constdata)
    Font                                     0x00006d4a   Data        1275  st7735.o(.constdata)
    Bcmd                                     0x00007245   Data         103  st7735.o(.constdata)
    Rcmd1                                    0x000072ac   Data          59  st7735.o(.constdata)
    Rcmd2green                               0x000072e7   Data          13  st7735.o(.constdata)
    Rcmd2red                                 0x000072f4   Data          13  st7735.o(.constdata)
    Rcmd3                                    0x00007301   Data          43  st7735.o(.constdata)
    smallCircle                              0x0000732c   Data          36  st7735.o(.constdata)
    circle                                   0x00007350   Data          60  st7735.o(.constdata)
    dBfs                                     0x0000738c   Data         512  st7735.o(.constdata)
    .init_array                              0x000075ac   Section        4  main.o(.init_array)
    .init_array                              0x000075b0   Section        4  uart.o(.init_array)
    .init_array                              0x000075b4   Section        0  init_aeabi.o(.init_array)
    .data                                    0x20000000   Section       44  main.o(.data)
    .data                                    0x2000002c   Section        4  random.o(.data)
    M                                        0x2000002c   Data           4  random.o(.data)
    .data                                    0x20000030   Section       44  st7735.o(.data)
    ColStart                                 0x2000003a   Data           1  st7735.o(.data)
    RowStart                                 0x2000003b   Data           1  st7735.o(.data)
    Rotation                                 0x2000003c   Data           1  st7735.o(.data)
    TabColor                                 0x2000003d   Data           1  st7735.o(.data)
    _width                                   0x2000003e   Data           2  st7735.o(.data)
    _height                                  0x20000040   Data           2  st7735.o(.data)
    .data                                    0x2000005c   Section        4  timer0.o(.data)
    .data                                    0x20000060   Section        4  timer1.o(.data)
    .data                                    0x20000064   Section        8  uart.o(.data)
    .bss                                     0x2000006c   Section      460  main.o(.bss)
    .bss                                     0x20000238   Section       12  st7735.o(.bss)
    .bss                                     0x20000244   Section       40  uart.o(.bss)
    .bss                                     0x2000026c   Section       96  libspace.o(.bss)
    HEAP                                     0x200002d0   Section     1024  startup_tm4c123.o(HEAP)
    Heap_Mem                                 0x200002d0   Data        1024  startup_tm4c123.o(HEAP)
    STACK                                    0x200006d0   Section     1024  startup_tm4c123.o(STACK)
    Stack_Mem                                0x200006d0   Data        1024  startup_tm4c123.o(STACK)
    __initial_sp                             0x20000ad0   Data           0  startup_tm4c123.o(STACK)

    Global Symbols

    Symbol Name                              Value     Ov Type        Size  Object(Section)

    BuildAttributes$$THM_ISAv4$E$P$D$K$B$S$7EM$PE$A:L22UL41UL21$X:L11$S22US41US21$IEEE1$IW$USESV6$~STKCKD$USESV7$~SHL$OSPACE$ROPI$EBA8$UX$STANDARDLIB$REQ8$PRES8$EABIv2 0x00000000   Number         0  anon$$obj.o ABSOLUTE
    __ARM_use_no_argv                        0x00000000   Number         0  main.o ABSOLUTE
    __Vectors                                0x00000000   Data           4  startup_tm4c123.o(RESET)
    __ARM_exceptions_init                     - Undefined Weak Reference
    __alloca_initialize                       - Undefined Weak Reference
    __arm_fini_                               - Undefined Weak Reference
    __arm_preinit_                            - Undefined Weak Reference
    __cxa_finalize                            - Undefined Weak Reference
    __rt_locale                               - Undefined Weak Reference
    __sigvec_lookup                           - Undefined Weak Reference
    _atexit_init                              - Undefined Weak Reference
    _call_atexit_fns                          - Undefined Weak Reference
    _clock_init                               - Undefined Weak Reference
    _fp_trap_init                             - Undefined Weak Reference
    _fp_trap_shutdown                         - Undefined Weak Reference
    _get_lc_collate                           - Undefined Weak Reference
    _get_lc_ctype                             - Undefined Weak Reference
    _get_lc_monetary                          - Undefined Weak Reference
    _get_lc_numeric                           - Undefined Weak Reference
    _get_lc_time                              - Undefined Weak Reference
    _getenv_init                              - Undefined Weak Reference
    _handle_redirection                       - Undefined Weak Reference
    _init_alloc                               - Undefined Weak Reference
    _init_user_alloc                          - Undefined Weak Reference
    _initio                                   - Undefined Weak Reference
    _rand_init                                - Undefined Weak Reference
    _signal_finish                            - Undefined Weak Reference
    _signal_init                              - Undefined Weak Reference
    _terminate_alloc                          - Undefined Weak Reference
    _terminate_user_alloc                     - Undefined Weak Reference
    _terminateio                              - Undefined Weak Reference
    __Vectors_End                            0x0000026c   Data           0  startup_tm4c123.o(RESET)
    __Vectors_Size                           0x0000026c   Number         0  startup_tm4c123.o ABSOLUTE
    __main                                   0x0000026d   Thumb Code     8  __main.o(!!!main)
    __scatterload                            0x00000275   Thumb Code     0  __scatter.o(!!!scatter)
    __scatterload_rt2                        0x00000275   Thumb Code    44  __scatter.o(!!!scatter)
    __scatterload_rt2_thumb_only             0x00000275   Thumb Code     0  __scatter.o(!!!scatter)
    __scatterload_null                       0x00000283   Thumb Code     0  __scatter.o(!!!scatter)
    __scatterload_copy                       0x000002a9   Thumb Code    26  __scatter_copy.o(!!handler_copy)
    __scatterload_zeroinit                   0x000002c5   Thumb Code    28  __scatter_zi.o(!!handler_zi)
    __rt_lib_init                            0x000002e1   Thumb Code     0  libinit.o(.ARM.Collect$$libinit$$00000000)
    __rt_lib_init_alloca_1                   0x000002e3   Thumb Code     0  libinit2.o(.ARM.Collect$$libinit$$0000002E)
    __rt_lib_init_argv_1                     0x000002e3   Thumb Code     0  libinit2.o(.ARM.Collect$$libinit$$0000002C)
    __rt_lib_init_atexit_1                   0x000002e3   Thumb Code     0  libinit2.o(.ARM.Collect$$libinit$$0000001B)
    __rt_lib_init_clock_1                    0x000002e3   Thumb Code     0  libinit2.o(.ARM.Collect$$libinit$$00000021)
    __rt_lib_init_cpp_2                      0x000002e3   Thumb Code     0  libinit2.o(.ARM.Collect$$libinit$$00000031)
    __rt_lib_init_exceptions_1               0x000002e3   Thumb Code     0  libinit2.o(.ARM.Collect$$libinit$$00000030)
    __rt_lib_init_fp_1                       0x000002e3   Thumb Code     0  libinit2.o(.ARM.Collect$$libinit$$00000002)
    __rt_lib_init_fp_trap_1                  0x000002e3   Thumb Code     0  libinit2.o(.ARM.Collect$$libinit$$0000001F)
    __rt_lib_init_getenv_1                   0x000002e3   Thumb Code     0  libinit2.o(.ARM.Collect$$libinit$$00000023)
    __rt_lib_init_heap_1                     0x000002e3   Thumb Code     0  libinit2.o(.ARM.Collect$$libinit$$0000000A)
    __rt_lib_init_lc_collate_1               0x000002e3   Thumb Code     0  libinit2.o(.ARM.Collect$$libinit$$00000011)
    __rt_lib_init_lc_ctype_1                 0x000002e3   Thumb Code     0  libinit2.o(.ARM.Collect$$libinit$$00000013)
    __rt_lib_init_lc_monetary_1              0x000002e3   Thumb Code     0  libinit2.o(.ARM.Collect$$libinit$$00000015)
    __rt_lib_init_lc_numeric_1               0x000002e3   Thumb Code     0  libinit2.o(.ARM.Collect$$libinit$$00000017)
    __rt_lib_init_lc_time_1                  0x000002e3   Thumb Code     0  libinit2.o(.ARM.Collect$$libinit$$00000019)
    __rt_lib_init_preinit_1                  0x000002e3   Thumb Code     0  libinit2.o(.ARM.Collect$$libinit$$00000004)
    __rt_lib_init_rand_1                     0x000002e3   Thumb Code     0  libinit2.o(.ARM.Collect$$libinit$$0000000E)
    __rt_lib_init_signal_1                   0x000002e3   Thumb Code     0  libinit2.o(.ARM.Collect$$libinit$$0000001D)
    __rt_lib_init_stdio_1                    0x000002e3   Thumb Code     0  libinit2.o(.ARM.Collect$$libinit$$00000025)
    __rt_lib_init_user_alloc_1               0x000002e3   Thumb Code     0  libinit2.o(.ARM.Collect$$libinit$$0000000C)
    __rt_lib_init_cpp_1                      0x000002e7   Thumb Code     0  libinit2.o(.ARM.Collect$$libinit$$00000032)
    __rt_lib_init_return                     0x000002e7   Thumb Code     0  libinit2.o(.ARM.Collect$$libinit$$00000033)
    __rt_lib_shutdown                        0x000002e9   Thumb Code     0  libshutdown.o(.ARM.Collect$$libshutdown$$00000000)
    __rt_lib_shutdown_cpp_1                  0x000002eb   Thumb Code     0  libshutdown2.o(.ARM.Collect$$libshutdown$$00000004)
    __rt_lib_shutdown_fini_1                 0x000002eb   Thumb Code     0  libshutdown2.o(.ARM.Collect$$libshutdown$$00000002)
    __rt_lib_shutdown_fp_trap_1              0x000002eb   Thumb Code     0  libshutdown2.o(.ARM.Collect$$libshutdown$$00000009)
    __rt_lib_shutdown_heap_1                 0x000002eb   Thumb Code     0  libshutdown2.o(.ARM.Collect$$libshutdown$$00000011)
    __rt_lib_shutdown_return                 0x000002eb   Thumb Code     0  libshutdown2.o(.ARM.Collect$$libshutdown$$00000012)
    __rt_lib_shutdown_signal_1               0x000002eb   Thumb Code     0  libshutdown2.o(.ARM.Collect$$libshutdown$$0000000C)
    __rt_lib_shutdown_stdio_1                0x000002eb   Thumb Code     0  libshutdown2.o(.ARM.Collect$$libshutdown$$00000006)
    __rt_lib_shutdown_user_alloc_1           0x000002eb   Thumb Code     0  libshutdown2.o(.ARM.Collect$$libshutdown$$0000000E)
    __rt_entry                               0x000002ed   Thumb Code     0  __rtentry.o(.ARM.Collect$$rtentry$$00000000)
    __rt_entry_presh_1                       0x000002ed   Thumb Code     0  __rtentry2.o(.ARM.Collect$$rtentry$$00000002)
    __rt_entry_sh                            0x000002ed   Thumb Code     0  __rtentry4.o(.ARM.Collect$$rtentry$$00000004)
    __rt_entry_li                            0x000002f3   Thumb Code     0  __rtentry2.o(.ARM.Collect$$rtentry$$0000000A)
    __rt_entry_postsh_1                      0x000002f3   Thumb Code     0  __rtentry2.o(.ARM.Collect$$rtentry$$00000009)
    __rt_entry_main                          0x000002f7   Thumb Code     0  __rtentry2.o(.ARM.Collect$$rtentry$$0000000D)
    __rt_entry_postli_1                      0x000002f7   Thumb Code     0  __rtentry2.o(.ARM.Collect$$rtentry$$0000000C)
    __rt_exit                                0x000002ff   Thumb Code     0  rtexit.o(.ARM.Collect$$rtexit$$00000000)
    __rt_exit_ls                             0x00000301   Thumb Code     0  rtexit2.o(.ARM.Collect$$rtexit$$00000003)
    __rt_exit_prels_1                        0x00000301   Thumb Code     0  rtexit2.o(.ARM.Collect$$rtexit$$00000002)
    __rt_exit_exit                           0x00000305   Thumb Code     0  rtexit2.o(.ARM.Collect$$rtexit$$00000004)
    Reset_Handler                            0x0000030d   Thumb Code     4  startup_tm4c123.o(.text)
    DisableInterrupts                        0x00000311   Thumb Code     4  startup_tm4c123.o(.text)
    EnableInterrupts                         0x00000315   Thumb Code     4  startup_tm4c123.o(.text)
    StartCritical                            0x00000319   Thumb Code     8  startup_tm4c123.o(.text)
    EndCritical                              0x00000321   Thumb Code     6  startup_tm4c123.o(.text)
    WaitForInterrupt                         0x00000327   Thumb Code     4  startup_tm4c123.o(.text)
    NMI_Handler                              0x0000032b   Thumb Code     2  startup_tm4c123.o(.text)
    HardFault_Handler                        0x0000032d   Thumb Code     2  startup_tm4c123.o(.text)
    MemManage_Handler                        0x0000032f   Thumb Code     2  startup_tm4c123.o(.text)
    BusFault_Handler                         0x00000331   Thumb Code     2  startup_tm4c123.o(.text)
    UsageFault_Handler                       0x00000333   Thumb Code     2  startup_tm4c123.o(.text)
    SVC_Handler                              0x00000335   Thumb Code     2  startup_tm4c123.o(.text)
    DebugMon_Handler                         0x00000337   Thumb Code     2  startup_tm4c123.o(.text)
    PendSV_Handler                           0x00000339   Thumb Code     2  startup_tm4c123.o(.text)
    GPIOA_Handler                            0x0000033d   Thumb Code     2  startup_tm4c123.o(.text)
    GPIOB_Handler                            0x0000033f   Thumb Code     2  startup_tm4c123.o(.text)
    GPIOC_Handler                            0x00000341   Thumb Code     2  startup_tm4c123.o(.text)
    GPIOD_Handler                            0x00000343   Thumb Code     2  startup_tm4c123.o(.text)
    GPIOE_Handler                            0x00000345   Thumb Code     2  startup_tm4c123.o(.text)
    UART0_Handler                            0x00000347   Thumb Code     2  startup_tm4c123.o(.text)
    SSI0_Handler                             0x0000034b   Thumb Code     2  startup_tm4c123.o(.text)
    I2C0_Handler                             0x0000034d   Thumb Code     2  startup_tm4c123.o(.text)
    PMW0_FAULT_Handler                       0x0000034f   Thumb Code     2  startup_tm4c123.o(.text)
    PWM0_0_Handler                           0x00000351   Thumb Code     2  startup_tm4c123.o(.text)
    PWM0_1_Handler                           0x00000353   Thumb Code     2  startup_tm4c123.o(.text)
    PWM0_2_Handler                           0x00000355   Thumb Code     2  startup_tm4c123.o(.text)
    QEI0_Handler                             0x00000357   Thumb Code     2  startup_tm4c123.o(.text)
    ADC0SS0_Handler                          0x00000359   Thumb Code     2  startup_tm4c123.o(.text)
    ADC0SS1_Handler                          0x0000035b   Thumb Code     2  startup_tm4c123.o(.text)
    ADC0SS2_Handler                          0x0000035d   Thumb Code     2  startup_tm4c123.o(.text)
    ADC0SS3_Handler                          0x0000035f   Thumb Code     2  startup_tm4c123.o(.text)
    WDT0_Handler                             0x00000361   Thumb Code     2  startup_tm4c123.o(.text)
    TIMER0B_Handler                          0x00000365   Thumb Code     2  startup_tm4c123.o(.text)
    TIMER1B_Handler                          0x00000369   Thumb Code     2  startup_tm4c123.o(.text)
    TIMER2A_Handler                          0x0000036b   Thumb Code     2  startup_tm4c123.o(.text)
    TIMER2B_Handler                          0x0000036d   Thumb Code     2  startup_tm4c123.o(.text)
    COMP0_Handler                            0x0000036f   Thumb Code     2  startup_tm4c123.o(.text)
    COMP1_Handler                            0x00000371   Thumb Code     2  startup_tm4c123.o(.text)
    COMP2_Handler                            0x00000373   Thumb Code     2  startup_tm4c123.o(.text)
    SYSCTL_Handler                           0x00000375   Thumb Code     2  startup_tm4c123.o(.text)
    FLASH_Handler                            0x00000377   Thumb Code     2  startup_tm4c123.o(.text)
    GPIOF_Handler                            0x00000379   Thumb Code     2  startup_tm4c123.o(.text)
    GPIOG_Handler                            0x0000037b   Thumb Code     2  startup_tm4c123.o(.text)
    GPIOH_Handler                            0x0000037d   Thumb Code     2  startup_tm4c123.o(.text)
    UART2_Handler                            0x0000037f   Thumb Code     2  startup_tm4c123.o(.text)
    SSI1_Handler                             0x00000381   Thumb Code     2  startup_tm4c123.o(.text)
    TIMER3A_Handler                          0x00000383   Thumb Code     2  startup_tm4c123.o(.text)
    TIMER3B_Handler                          0x00000385   Thumb Code     2  startup_tm4c123.o(.text)
    I2C1_Handler                             0x00000387   Thumb Code     2  startup_tm4c123.o(.text)
    QEI1_Handler                             0x00000389   Thumb Code     2  startup_tm4c123.o(.text)
    CAN0_Handler                             0x0000038b   Thumb Code     2  startup_tm4c123.o(.text)
    CAN1_Handler                             0x0000038d   Thumb Code     2  startup_tm4c123.o(.text)
    CAN2_Handler                             0x0000038f   Thumb Code     2  startup_tm4c123.o(.text)
    HIB_Handler                              0x00000391   Thumb Code     2  startup_tm4c123.o(.text)
    USB0_Handler                             0x00000393   Thumb Code     2  startup_tm4c123.o(.text)
    PWM0_3_Handler                           0x00000395   Thumb Code     2  startup_tm4c123.o(.text)
    UDMA_Handler                             0x00000397   Thumb Code     2  startup_tm4c123.o(.text)
    UDMAERR_Handler                          0x00000399   Thumb Code     2  startup_tm4c123.o(.text)
    ADC1SS0_Handler                          0x0000039b   Thumb Code     2  startup_tm4c123.o(.text)
    ADC1SS1_Handler                          0x0000039d   Thumb Code     2  startup_tm4c123.o(.text)
    ADC1SS2_Handler                          0x0000039f   Thumb Code     2  startup_tm4c123.o(.text)
    ADC1SS3_Handler                          0x000003a1   Thumb Code     2  startup_tm4c123.o(.text)
    GPIOJ_Handler                            0x000003a3   Thumb Code     2  startup_tm4c123.o(.text)
    GPIOK_Handler                            0x000003a5   Thumb Code     2  startup_tm4c123.o(.text)
    GPIOL_Handler                            0x000003a7   Thumb Code     2  startup_tm4c123.o(.text)
    SSI2_Handler                             0x000003a9   Thumb Code     2  startup_tm4c123.o(.text)
    SSI3_Handler                             0x000003ab   Thumb Code     2  startup_tm4c123.o(.text)
    UART3_Handler                            0x000003ad   Thumb Code     2  startup_tm4c123.o(.text)
    UART4_Handler                            0x000003af   Thumb Code     2  startup_tm4c123.o(.text)
    UART5_Handler                            0x000003b1   Thumb Code     2  startup_tm4c123.o(.text)
    UART6_Handler                            0x000003b3   Thumb Code     2  startup_tm4c123.o(.text)
    UART7_Handler                            0x000003b5   Thumb Code     2  startup_tm4c123.o(.text)
    I2C2_Handler                             0x000003b7   Thumb Code     2  startup_tm4c123.o(.text)
    I2C3_Handler                             0x000003b9   Thumb Code     2  startup_tm4c123.o(.text)
    TIMER4A_Handler                          0x000003bb   Thumb Code     2  startup_tm4c123.o(.text)
    TIMER4B_Handler                          0x000003bd   Thumb Code     2  startup_tm4c123.o(.text)
    TIMER5B_Handler                          0x000003c1   Thumb Code     2  startup_tm4c123.o(.text)
    WTIMER0A_Handler                         0x000003c3   Thumb Code     2  startup_tm4c123.o(.text)
    WTIMER0B_Handler                         0x000003c5   Thumb Code     2  startup_tm4c123.o(.text)
    WTIMER1A_Handler                         0x000003c7   Thumb Code     2  startup_tm4c123.o(.text)
    WTIMER1B_Handler                         0x000003c9   Thumb Code     2  startup_tm4c123.o(.text)
    WTIMER2A_Handler                         0x000003cb   Thumb Code     2  startup_tm4c123.o(.text)
    WTIMER2B_Handler                         0x000003cd   Thumb Code     2  startup_tm4c123.o(.text)
    WTIMER3A_Handler                         0x000003cf   Thumb Code     2  startup_tm4c123.o(.text)
    WTIMER3B_Handler                         0x000003d1   Thumb Code     2  startup_tm4c123.o(.text)
    WTIMER4A_Handler                         0x000003d3   Thumb Code     2  startup_tm4c123.o(.text)
    WTIMER4B_Handler                         0x000003d5   Thumb Code     2  startup_tm4c123.o(.text)
    WTIMER5A_Handler                         0x000003d7   Thumb Code     2  startup_tm4c123.o(.text)
    WTIMER5B_Handler                         0x000003d9   Thumb Code     2  startup_tm4c123.o(.text)
    FPU_Handler                              0x000003db   Thumb Code     2  startup_tm4c123.o(.text)
    I2C4_Handler                             0x000003dd   Thumb Code     2  startup_tm4c123.o(.text)
    I2C5_Handler                             0x000003df   Thumb Code     2  startup_tm4c123.o(.text)
    GPIOM_Handler                            0x000003e1   Thumb Code     2  startup_tm4c123.o(.text)
    GPION_Handler                            0x000003e3   Thumb Code     2  startup_tm4c123.o(.text)
    QEI2_Handler                             0x000003e5   Thumb Code     2  startup_tm4c123.o(.text)
    GPIOP0_Handler                           0x000003e7   Thumb Code     2  startup_tm4c123.o(.text)
    GPIOP1_Handler                           0x000003e9   Thumb Code     2  startup_tm4c123.o(.text)
    GPIOP2_Handler                           0x000003eb   Thumb Code     2  startup_tm4c123.o(.text)
    GPIOP3_Handler                           0x000003ed   Thumb Code     2  startup_tm4c123.o(.text)
    GPIOP4_Handler                           0x000003ef   Thumb Code     2  startup_tm4c123.o(.text)
    GPIOP5_Handler                           0x000003f1   Thumb Code     2  startup_tm4c123.o(.text)
    GPIOP6_Handler                           0x000003f3   Thumb Code     2  startup_tm4c123.o(.text)
    GPIOP7_Handler                           0x000003f5   Thumb Code     2  startup_tm4c123.o(.text)
    GPIOQ0_Handler                           0x000003f7   Thumb Code     2  startup_tm4c123.o(.text)
    GPIOQ1_Handler                           0x000003f9   Thumb Code     2  startup_tm4c123.o(.text)
    GPIOQ2_Handler                           0x000003fb   Thumb Code     2  startup_tm4c123.o(.text)
    GPIOQ3_Handler                           0x000003fd   Thumb Code     2  startup_tm4c123.o(.text)
    GPIOQ4_Handler                           0x000003ff   Thumb Code     2  startup_tm4c123.o(.text)
    GPIOQ5_Handler                           0x00000401   Thumb Code     2  startup_tm4c123.o(.text)
    GPIOQ6_Handler                           0x00000403   Thumb Code     2  startup_tm4c123.o(.text)
    GPIOQ7_Handler                           0x00000405   Thumb Code     2  startup_tm4c123.o(.text)
    GPIOR_Handler                            0x00000407   Thumb Code     2  startup_tm4c123.o(.text)
    GPIOS_Handler                            0x00000409   Thumb Code     2  startup_tm4c123.o(.text)
    PMW1_0_Handler                           0x0000040b   Thumb Code     2  startup_tm4c123.o(.text)
    PWM1_1_Handler                           0x0000040d   Thumb Code     2  startup_tm4c123.o(.text)
    PWM1_2_Handler                           0x0000040f   Thumb Code     2  startup_tm4c123.o(.text)
    PWM1_3_Handler                           0x00000411   Thumb Code     2  startup_tm4c123.o(.text)
    PWM1_FAULT_Handler                       0x00000413   Thumb Code     2  startup_tm4c123.o(.text)
    __user_initial_stackheap                 0x00000415   Thumb Code     0  startup_tm4c123.o(.text)
    SysTick_Init(unsigned)                   0x00000435   Thumb Code    42  main.o(.text)
    Init()                                   0x0000045f   Thumb Code   634  main.o(.text)
    clock()                                  0x000006d9   Thumb Code    12  main.o(.text)
    delay50ms(unsigned)                      0x000006e5   Thumb Code    30  main.o(.text)
    delay5ms(unsigned)                       0x00000703   Thumb Code    32  main.o(.text)
    game()                                   0x00000723   Thumb Code  4476  main.o(.text)
    main                                     0x0000189f   Thumb Code   484  main.o(.text)
    SysTick_Handler                          0x00001a83   Thumb Code    28  main.o(.text)
    delay10ms(unsigned)                      0x00001a9f   Thumb Code    30  main.o(.text)
    PLL_Init(unsigned)                       0x00001b29   Thumb Code   120  pll.o(.text)
    Random_Init(unsigned)                    0x00001ba5   Thumb Code     6  random.o(.text)
    Random32()                               0x00001bab   Thumb Code    22  random.o(.text)
    Random()                                 0x00001bc1   Thumb Code    24  random.o(.text)
    Delay1ms(unsigned)                       0x00001c45   Thumb Code    32  st7735.o(.text)
    ST7735_FillRect(short, short, short, short, unsigned short) 0x00001e7b   Thumb Code   168  st7735.o(.text)
    ST7735_FillScreen(unsigned short)        0x00001f23   Thumb Code    28  st7735.o(.text)
    ST7735_SetCursor(unsigned, unsigned)     0x00001f3f   Thumb Code    22  st7735.o(.text)
    ST7735_InitB()                           0x00001f55   Thumb Code    32  st7735.o(.text)
    ST7735_InitR(initRFlags)                 0x00001f75   Thumb Code   188  st7735.o(.text)
    ST7735_DrawPixel(short, short, unsigned short) 0x00002043   Thumb Code    68  st7735.o(.text)
    ST7735_DrawFastVLine(short, short, short, unsigned short) 0x00002087   Thumb Code   120  st7735.o(.text)
    ST7735_DrawFastHLine(short, short, short, unsigned short) 0x000020ff   Thumb Code   120  st7735.o(.text)
    ST7735_DrawSmallCircle(short, short, unsigned short) 0x00002177   Thumb Code   158  st7735.o(.text)
    ST7735_DrawCircle(short, short, unsigned short) 0x00002215   Thumb Code   158  st7735.o(.text)
    ST7735_Color565(unsigned char, unsigned char, unsigned char) 0x000022b3   Thumb Code    24  st7735.o(.text)
    ST7735_SwapColor(unsigned short)         0x000022cb   Thumb Code    18  st7735.o(.text)
    ST7735_DrawBitmap(short, short, const unsigned short*, short, short) 0x000022dd   Thumb Code   284  st7735.o(.text)
    ST7735_DrawCharS(short, short, char, short, short, unsigned char) 0x000023f9   Thumb Code   252  st7735.o(.text)
    ST7735_DrawChar(short, short, char, short, short, unsigned char) 0x000024f5   Thumb Code   264  st7735.o(.text)
    ST7735_DrawString(unsigned short, unsigned short, char*, short) 0x000025fd   Thumb Code    84  st7735.o(.text)
    fillmessage(unsigned)                    0x00002651   Thumb Code    64  st7735.o(.text)
    ST7735_OutUDec(unsigned)                 0x00002691   Thumb Code   116  st7735.o(.text)
    ST7735_SetRotation(unsigned char)        0x00002705   Thumb Code   200  st7735.o(.text)
    ST7735_InvertDisplay(int)                0x000027cd   Thumb Code    26  st7735.o(.text)
    ST7735_PlotClear(int, int)               0x000027e7   Thumb Code    74  st7735.o(.text)
    ST7735_PlotPoint(int)                    0x00002831   Thumb Code   190  st7735.o(.text)
    ST7735_PlotLine(int)                     0x000028ef   Thumb Code   242  st7735.o(.text)
    ST7735_PlotPoints(int, int)              0x000029e1   Thumb Code   154  st7735.o(.text)
    ST7735_PlotBar(int)                      0x00002a7b   Thumb Code    72  st7735.o(.text)
    ST7735_PlotdBfs(int)                     0x00002ac3   Thumb Code    52  st7735.o(.text)
    ST7735_PlotNext()                        0x00002af7   Thumb Code    28  st7735.o(.text)
    ST7735_PlotNextErase()                   0x00002b13   Thumb Code    58  st7735.o(.text)
    ST7735_OutChar                           0x00002b4d   Thumb Code   172  st7735.o(.text)
    ST7735_OutString                         0x00002bf9   Thumb Code    22  st7735.o(.text)
    ST7735_SetTextColor(unsigned short)      0x00002c0f   Thumb Code     6  st7735.o(.text)
    Output_Init()                            0x00002c15   Thumb Code    16  st7735.o(.text)
    Output_Clear()                           0x00002c25   Thumb Code    10  st7735.o(.text)
    Output_Off()                             0x00002c2f   Thumb Code     8  st7735.o(.text)
    Output_On()                              0x00002c37   Thumb Code     8  st7735.o(.text)
    Output_Color(unsigned)                   0x00002c3f   Thumb Code    12  st7735.o(.text)
    ADC_Init()                               0x00002c89   Thumb Code   206  slidepot.o(.text)
    ADC_In()                                 0x00002d57   Thumb Code    38  slidepot.o(.text)
    SlidePot::SlidePot(unsigned, unsigned)   0x00002d7d   Thumb Code     6  slidepot.o(.text)
    SlidePot::SlidePot__sub_object(unsigned, unsigned) 0x00002d7d   Thumb Code     0  slidepot.o(.text)
    SlidePot::Save(unsigned)                 0x00002d83   Thumb Code    24  slidepot.o(.text)
    SlidePot::Sync()                         0x00002d9b   Thumb Code    14  slidepot.o(.text)
    SlidePot::Convert(unsigned)              0x00002da9   Thumb Code    14  slidepot.o(.text)
    SlidePot::ADCsample()                    0x00002db7   Thumb Code     6  slidepot.o(.text)
    SlidePot::Distance()                     0x00002dbd   Thumb Code     6  slidepot.o(.text)
    Timer0_Init(void(*)(), unsigned)         0x00002ddd   Thumb Code    74  timer0.o(.text)
    TIMER0A_Handler                          0x00002e27   Thumb Code    16  timer0.o(.text)
    Timer1_Init(void(*)(), unsigned)         0x00002e4d   Thumb Code    74  timer1.o(.text)
    TIMER1A_Handler                          0x00002e97   Thumb Code    16  timer1.o(.text)
    UART_Init()                              0x00002ebd   Thumb Code   190  uart.o(.text)
    UART_InChar()                            0x00002f7b   Thumb Code    22  uart.o(.text)
    UART_InStatus()                          0x00002f91   Thumb Code    14  uart.o(.text)
    UART_OutChar(char)                       0x00002f9f   Thumb Code    20  uart.o(.text)
    UART1_Handler                            0x00002fb3   Thumb Code   100  uart.o(.text)
    UART_InMessage(char*)                    0x00003017   Thumb Code    74  uart.o(.text)
    UART_OutString(char*)                    0x00003061   Thumb Code    22  uart.o(.text)
    UART_OutUDec(unsigned)                   0x00003077   Thumb Code    42  uart.o(.text)
    Queue::Queue()                           0x000030d5   Thumb Code     8  fifo.o(.text)
    Queue::Queue__sub_object()               0x000030d5   Thumb Code     0  fifo.o(.text)
    Queue::IsEmpty()                         0x000030dd   Thumb Code    18  fifo.o(.text)
    Queue::IsFull()                          0x000030ef   Thumb Code    32  fifo.o(.text)
    Queue::Put(char)                         0x0000310f   Thumb Code    56  fifo.o(.text)
    Queue::Get(char*)                        0x00003147   Thumb Code    42  fifo.o(.text)
    Queue::Print()                           0x00003171   Thumb Code    22  fifo.o(.text)
    ADC1_Init()                              0x00003189   Thumb Code   174  texas.o(.text)
    UART0_Init()                             0x00003237   Thumb Code   152  texas.o(.text)
    TExaS_Init()                             0x000032cf   Thumb Code    92  texas.o(.text)
    TIMER5A_Handler                          0x0000332b   Thumb Code    20  texas.o(.text)
    TExaS_Stop()                             0x0000333f   Thumb Code    18  texas.o(.text)
    LCD_OutDec                               0x00003389   Thumb Code    82  print.o(.text)
    LCD_OutFix                               0x000033db   Thumb Code   186  print.o(.text)
    PortF_Init()                             0x00003495   Thumb Code    78  gameengine.o(.text)
    PortE_Init()                             0x000034e3   Thumb Code    78  gameengine.o(.text)
    PortB_Init()                             0x00003531   Thumb Code    78  gameengine.o(.text)
    __use_two_region_memory                  0x0000359d   Thumb Code     2  heapauxi.o(.text)
    __rt_heap_escrow$2region                 0x0000359f   Thumb Code     2  heapauxi.o(.text)
    __rt_heap_expand$2region                 0x000035a1   Thumb Code     2  heapauxi.o(.text)
    __cpp_initialize__aeabi_                 0x000035a5   Thumb Code    26  init_aeabi.o(.text)
    __user_setup_stackheap                   0x000035c9   Thumb Code    74  sys_stackheap_outer.o(.text)
    exit                                     0x00003613   Thumb Code    18  exit.o(.text)
    __user_libspace                          0x00003625   Thumb Code     8  libspace.o(.text)
    __user_perproc_libspace                  0x00003625   Thumb Code     0  libspace.o(.text)
    __user_perthread_libspace                0x00003625   Thumb Code     0  libspace.o(.text)
    __I$use$semihosting                      0x0000362d   Thumb Code     0  use_no_semi.o(.text)
    __use_no_semihosting_swi                 0x0000362d   Thumb Code     2  use_no_semi.o(.text)
    __semihosting_library_function           0x0000362f   Thumb Code     0  indicate_semi.o(.text)
    _sys_exit                                0x00003631   Thumb Code     8  sys_exit.o(.text)
    __aeabi_fadd                             0x0000363d   Thumb Code     0  faddsub_clz.o(x$fpl$fadd)
    _fadd                                    0x0000363d   Thumb Code   196  faddsub_clz.o(x$fpl$fadd)
    __fpl_fcmp_Inf                           0x00003701   Thumb Code    24  fcmpi.o(x$fpl$fcmpinf)
    __aeabi_cfcmpeq                          0x00003719   Thumb Code     0  feqf.o(x$fpl$feqf)
    _fcmpeq                                  0x00003719   Thumb Code   104  feqf.o(x$fpl$feqf)
    __aeabi_f2iz                             0x00003781   Thumb Code     0  ffix.o(x$fpl$ffix)
    _ffix                                    0x00003781   Thumb Code    54  ffix.o(x$fpl$ffix)
    __aeabi_i2f                              0x000037b9   Thumb Code     0  fflt_clz.o(x$fpl$fflt)
    _fflt                                    0x000037b9   Thumb Code    48  fflt_clz.o(x$fpl$fflt)
    __aeabi_cfcmple                          0x000037e9   Thumb Code     0  fleqf.o(x$fpl$fleqf)
    _fcmple                                  0x000037e9   Thumb Code   104  fleqf.o(x$fpl$fleqf)
    __fpl_fcmple_InfNaN                      0x0000383b   Thumb Code     0  fleqf.o(x$fpl$fleqf)
    __aeabi_fmul                             0x00003851   Thumb Code     0  fmul.o(x$fpl$fmul)
    _fmul                                    0x00003851   Thumb Code   258  fmul.o(x$fpl$fmul)
    __fpl_fnaninf                            0x00003953   Thumb Code   140  fnaninf.o(x$fpl$fnaninf)
    __fpl_fretinf                            0x000039df   Thumb Code    10  fretinf.o(x$fpl$fretinf)
    __aeabi_cfrcmple                         0x000039e9   Thumb Code     0  frleqf.o(x$fpl$frleqf)
    _frcmple                                 0x000039e9   Thumb Code    98  frleqf.o(x$fpl$frleqf)
    __aeabi_frsub                            0x00003a4b   Thumb Code     0  faddsub_clz.o(x$fpl$frsb)
    _frsb                                    0x00003a4b   Thumb Code    20  faddsub_clz.o(x$fpl$frsb)
    __aeabi_fsub                             0x00003a61   Thumb Code     0  faddsub_clz.o(x$fpl$fsub)
    _fsub                                    0x00003a61   Thumb Code   234  faddsub_clz.o(x$fpl$fsub)
    __I$use$fp                               0x00003b4a   Number         0  usenofp.o(x$fpl$usenofp)
    Region$$Table$$Base                      0x0000758c   Number         0  anon$$obj.o(Region$$Table)
    Region$$Table$$Limit                     0x000075ac   Number         0  anon$$obj.o(Region$$Table)
    SHT$$INIT_ARRAY$$Base                    0x000075ac   Number         0  main.o(.init_array)
    SHT$$INIT_ARRAY$$Limit                   0x000075b4   Number         0  init_aeabi.o(.init_array)
    pauseState                               0x20000000   Data           4  main.o(.data)
    fireState                                0x20000004   Data           4  main.o(.data)
    nolongerstart                            0x20000008   Data           4  main.o(.data)
    score                                    0x2000000c   Data           4  main.o(.data)
    Data                                     0x20000010   Data           4  main.o(.data)
    time                                     0x20000014   Data           4  main.o(.data)
    flag                                     0x20000018   Data           4  main.o(.data)
    slideflag                                0x2000001c   Data           4  main.o(.data)
    height                                   0x20000020   Data           4  main.o(.data)
    oldx                                     0x20000024   Data           4  main.o(.data)
    oldy                                     0x20000028   Data           4  main.o(.data)
    StX                                      0x20000030   Data           4  st7735.o(.data)
    StY                                      0x20000034   Data           4  st7735.o(.data)
    StTextColor                              0x20000038   Data           2  st7735.o(.data)
    Messageindex                             0x20000044   Data           4  st7735.o(.data)
    Ymax                                     0x20000048   Data           4  st7735.o(.data)
    Ymin                                     0x2000004c   Data           4  st7735.o(.data)
    X                                        0x20000050   Data           4  st7735.o(.data)
    Yrange                                   0x20000054   Data           4  st7735.o(.data)
    lastj                                    0x20000058   Data           4  st7735.o(.data)
    PeriodicTask0                            0x2000005c   Data           4  timer0.o(.data)
    PeriodicTask1                            0x20000060   Data           4  timer1.o(.data)
    errors                                   0x20000064   Data           4  uart.o(.data)
    RxCounter                                0x20000068   Data           4  uart.o(.data)
    my                                       0x2000006c   Data          20  main.o(.bss)
    doodler                                  0x20000080   Data          40  main.o(.bss)
    redenemy                                 0x200000a8   Data          80  main.o(.bss)
    blueenemy                                0x200000f8   Data          40  main.o(.bss)
    greenplatform                            0x20000120   Data         160  main.o(.bss)
    blueplatform                             0x200001c0   Data         120  main.o(.bss)
    Message                                  0x20000238   Data          12  st7735.o(.bss)
    RxFifo                                   0x20000244   Data          40  uart.o(.bss)
    __libspace_start                         0x2000026c   Data          96  libspace.o(.bss)
    __temporary_stack_top$libspace           0x200002cc   Data           0  libspace.o(.bss)



==============================================================================

Memory Map of the image

  Image Entry point : 0x0000026d

  Load Region LR_IROM1 (Base: 0x00000000, Size: 0x00007620, Max: 0x00040000, ABSOLUTE)

    Execution Region ER_IROM1 (Exec base: 0x00000000, Load base: 0x00000000, Size: 0x000075b4, Max: 0x00040000, ABSOLUTE)

    Exec Addr    Load Addr    Size         Type   Attr      Idx    E Section Name        Object

    0x00000000   0x00000000   0x0000026c   Data   RO            3    RESET               startup_tm4c123.o
    0x0000026c   0x0000026c   0x00000008   Code   RO          276  * !!!main             c_w.l(__main.o)
    0x00000274   0x00000274   0x00000034   Code   RO          472    !!!scatter          c_w.l(__scatter.o)
    0x000002a8   0x000002a8   0x0000001a   Code   RO          474    !!handler_copy      c_w.l(__scatter_copy.o)
    0x000002c2   0x000002c2   0x00000002   PAD
    0x000002c4   0x000002c4   0x0000001c   Code   RO          476    !!handler_zi        c_w.l(__scatter_zi.o)
    0x000002e0   0x000002e0   0x00000002   Code   RO          393    .ARM.Collect$$libinit$$00000000  c_w.l(libinit.o)
    0x000002e2   0x000002e2   0x00000000   Code   RO          310    .ARM.Collect$$libinit$$00000002  c_w.l(libinit2.o)
    0x000002e2   0x000002e2   0x00000000   Code   RO          312    .ARM.Collect$$libinit$$00000004  c_w.l(libinit2.o)
    0x000002e2   0x000002e2   0x00000000   Code   RO          315    .ARM.Collect$$libinit$$0000000A  c_w.l(libinit2.o)
    0x000002e2   0x000002e2   0x00000000   Code   RO          317    .ARM.Collect$$libinit$$0000000C  c_w.l(libinit2.o)
    0x000002e2   0x000002e2   0x00000000   Code   RO          319    .ARM.Collect$$libinit$$0000000E  c_w.l(libinit2.o)
    0x000002e2   0x000002e2   0x00000000   Code   RO          322    .ARM.Collect$$libinit$$00000011  c_w.l(libinit2.o)
    0x000002e2   0x000002e2   0x00000000   Code   RO          324    .ARM.Collect$$libinit$$00000013  c_w.l(libinit2.o)
    0x000002e2   0x000002e2   0x00000000   Code   RO          326    .ARM.Collect$$libinit$$00000015  c_w.l(libinit2.o)
    0x000002e2   0x000002e2   0x00000000   Code   RO          328    .ARM.Collect$$libinit$$00000017  c_w.l(libinit2.o)
    0x000002e2   0x000002e2   0x00000000   Code   RO          330    .ARM.Collect$$libinit$$00000019  c_w.l(libinit2.o)
    0x000002e2   0x000002e2   0x00000000   Code   RO          332    .ARM.Collect$$libinit$$0000001B  c_w.l(libinit2.o)
    0x000002e2   0x000002e2   0x00000000   Code   RO          334    .ARM.Collect$$libinit$$0000001D  c_w.l(libinit2.o)
    0x000002e2   0x000002e2   0x00000000   Code   RO          336    .ARM.Collect$$libinit$$0000001F  c_w.l(libinit2.o)
    0x000002e2   0x000002e2   0x00000000   Code   RO          338    .ARM.Collect$$libinit$$00000021  c_w.l(libinit2.o)
    0x000002e2   0x000002e2   0x00000000   Code   RO          340    .ARM.Collect$$libinit$$00000023  c_w.l(libinit2.o)
    0x000002e2   0x000002e2   0x00000000   Code   RO          342    .ARM.Collect$$libinit$$00000025  c_w.l(libinit2.o)
    0x000002e2   0x000002e2   0x00000000   Code   RO          346    .ARM.Collect$$libinit$$0000002C  c_w.l(libinit2.o)
    0x000002e2   0x000002e2   0x00000000   Code   RO          348    .ARM.Collect$$libinit$$0000002E  c_w.l(libinit2.o)
    0x000002e2   0x000002e2   0x00000000   Code   RO          350    .ARM.Collect$$libinit$$00000030  c_w.l(libinit2.o)
    0x000002e2   0x000002e2   0x00000004   Code   RO          351    .ARM.Collect$$libinit$$00000031  c_w.l(libinit2.o)
    0x000002e6   0x000002e6   0x00000000   Code   RO          352    .ARM.Collect$$libinit$$00000032  c_w.l(libinit2.o)
    0x000002e6   0x000002e6   0x00000002   Code   RO          353    .ARM.Collect$$libinit$$00000033  c_w.l(libinit2.o)
    0x000002e8   0x000002e8   0x00000002   Code   RO          431    .ARM.Collect$$libshutdown$$00000000  c_w.l(libshutdown.o)
    0x000002ea   0x000002ea   0x00000000   Code   RO          437    .ARM.Collect$$libshutdown$$00000002  c_w.l(libshutdown2.o)
    0x000002ea   0x000002ea   0x00000000   Code   RO          439    .ARM.Collect$$libshutdown$$00000004  c_w.l(libshutdown2.o)
    0x000002ea   0x000002ea   0x00000000   Code   RO          441    .ARM.Collect$$libshutdown$$00000006  c_w.l(libshutdown2.o)
    0x000002ea   0x000002ea   0x00000000   Code   RO          444    .ARM.Collect$$libshutdown$$00000009  c_w.l(libshutdown2.o)
    0x000002ea   0x000002ea   0x00000000   Code   RO          447    .ARM.Collect$$libshutdown$$0000000C  c_w.l(libshutdown2.o)
    0x000002ea   0x000002ea   0x00000000   Code   RO          449    .ARM.Collect$$libshutdown$$0000000E  c_w.l(libshutdown2.o)
    0x000002ea   0x000002ea   0x00000000   Code   RO          452    .ARM.Collect$$libshutdown$$00000011  c_w.l(libshutdown2.o)
    0x000002ea   0x000002ea   0x00000002   Code   RO          453    .ARM.Collect$$libshutdown$$00000012  c_w.l(libshutdown2.o)
    0x000002ec   0x000002ec   0x00000000   Code   RO          308    .ARM.Collect$$rtentry$$00000000  c_w.l(__rtentry.o)
    0x000002ec   0x000002ec   0x00000000   Code   RO          362    .ARM.Collect$$rtentry$$00000002  c_w.l(__rtentry2.o)
    0x000002ec   0x000002ec   0x00000006   Code   RO          374    .ARM.Collect$$rtentry$$00000004  c_w.l(__rtentry4.o)
    0x000002f2   0x000002f2   0x00000000   Code   RO          364    .ARM.Collect$$rtentry$$00000009  c_w.l(__rtentry2.o)
    0x000002f2   0x000002f2   0x00000004   Code   RO          365    .ARM.Collect$$rtentry$$0000000A  c_w.l(__rtentry2.o)
    0x000002f6   0x000002f6   0x00000000   Code   RO          367    .ARM.Collect$$rtentry$$0000000C  c_w.l(__rtentry2.o)
    0x000002f6   0x000002f6   0x00000008   Code   RO          368    .ARM.Collect$$rtentry$$0000000D  c_w.l(__rtentry2.o)
    0x000002fe   0x000002fe   0x00000002   Code   RO          399    .ARM.Collect$$rtexit$$00000000  c_w.l(rtexit.o)
    0x00000300   0x00000300   0x00000000   Code   RO          411    .ARM.Collect$$rtexit$$00000002  c_w.l(rtexit2.o)
    0x00000300   0x00000300   0x00000004   Code   RO          412    .ARM.Collect$$rtexit$$00000003  c_w.l(rtexit2.o)
    0x00000304   0x00000304   0x00000006   Code   RO          413    .ARM.Collect$$rtexit$$00000004  c_w.l(rtexit2.o)
    0x0000030a   0x0000030a   0x00000002   PAD
    0x0000030c   0x0000030c   0x00000128   Code   RO            4    .text               startup_tm4c123.o
    0x00000434   0x00000434   0x000016f4   Code   RO           10    .text               main.o
    0x00001b28   0x00001b28   0x0000007c   Code   RO           91    .text               pll.o
    0x00001ba4   0x00001ba4   0x00000040   Code   RO          107    .text               random.o
    0x00001be4   0x00001be4   0x000010a4   Code   RO          122    .text               st7735.o
    0x00002c88   0x00002c88   0x00000154   Code   RO          140    .text               slidepot.o
    0x00002ddc   0x00002ddc   0x00000070   Code   RO          168    .text               timer0.o
    0x00002e4c   0x00002e4c   0x00000070   Code   RO          184    .text               timer1.o
    0x00002ebc   0x00002ebc   0x00000218   Code   RO          200    .text               uart.o
    0x000030d4   0x000030d4   0x000000b2   Code   RO          221    .text               fifo.o
    0x00003186   0x00003186   0x00000002   PAD
    0x00003188   0x00003188   0x00000200   Code   RO          236    .text               texas.o
    0x00003388   0x00003388   0x0000010c   Code   RO          249    .text               print.o
    0x00003494   0x00003494   0x00000108   Code   RO          253    .text               gameengine.o
    0x0000359c   0x0000359c   0x00000006   Code   RO          274    .text               c_w.l(heapauxi.o)
    0x000035a2   0x000035a2   0x00000002   PAD
    0x000035a4   0x000035a4   0x00000024   Code   RO          281    .text               c_w.l(init_aeabi.o)
    0x000035c8   0x000035c8   0x0000004a   Code   RO          380    .text               c_w.l(sys_stackheap_outer.o)
    0x00003612   0x00003612   0x00000012   Code   RO          382    .text               c_w.l(exit.o)
    0x00003624   0x00003624   0x00000008   Code   RO          396    .text               c_w.l(libspace.o)
    0x0000362c   0x0000362c   0x00000002   Code   RO          407    .text               c_w.l(use_no_semi.o)
    0x0000362e   0x0000362e   0x00000000   Code   RO          409    .text               c_w.l(indicate_semi.o)
    0x0000362e   0x0000362e   0x00000002   PAD
    0x00003630   0x00003630   0x0000000c   Code   RO          423    .text               c_w.l(sys_exit.o)
    0x0000363c   0x0000363c   0x000000c4   Code   RO          284    x$fpl$fadd          fz_ws.l(faddsub_clz.o)
    0x00003700   0x00003700   0x00000018   Code   RO          354    x$fpl$fcmpinf       fz_ws.l(fcmpi.o)
    0x00003718   0x00003718   0x00000068   Code   RO          290    x$fpl$feqf          fz_ws.l(feqf.o)
    0x00003780   0x00003780   0x00000036   Code   RO          292    x$fpl$ffix          fz_ws.l(ffix.o)
    0x000037b6   0x000037b6   0x00000002   PAD
    0x000037b8   0x000037b8   0x00000030   Code   RO          297    x$fpl$fflt          fz_ws.l(fflt_clz.o)
    0x000037e8   0x000037e8   0x00000068   Code   RO          302    x$fpl$fleqf         fz_ws.l(fleqf.o)
    0x00003850   0x00003850   0x00000102   Code   RO          304    x$fpl$fmul          fz_ws.l(fmul.o)
    0x00003952   0x00003952   0x0000008c   Code   RO          356    x$fpl$fnaninf       fz_ws.l(fnaninf.o)
    0x000039de   0x000039de   0x0000000a   Code   RO          358    x$fpl$fretinf       fz_ws.l(fretinf.o)
    0x000039e8   0x000039e8   0x00000062   Code   RO          306    x$fpl$frleqf        fz_ws.l(frleqf.o)
    0x00003a4a   0x00003a4a   0x00000014   Code   RO          285    x$fpl$frsb          fz_ws.l(faddsub_clz.o)
    0x00003a5e   0x00003a5e   0x00000002   PAD
    0x00003a60   0x00003a60   0x000000ea   Code   RO          286    x$fpl$fsub          fz_ws.l(faddsub_clz.o)
    0x00003b4a   0x00003b4a   0x00000000   Code   RO          360    x$fpl$usenofp       fz_ws.l(usenofp.o)
    0x00003b4a   0x00003b4a   0x00003200   Data   RO           13    .constdata          main.o
    0x00006d4a   0x00006d4a   0x00000842   Data   RO          125    .constdata          st7735.o
    0x0000758c   0x0000758c   0x00000020   Data   RO          470    Region$$Table       anon$$obj.o
    0x000075ac   0x000075ac   0x00000004   Data   RO           15    .init_array         main.o
    0x000075b0   0x000075ac   0x00000004   Data   RO          204    .init_array         uart.o
    0x000075b4   0x000075ac   0x00000000   Data   RO          279    .init_array         c_w.l(init_aeabi.o)


    Execution Region RW_IRAM1 (Exec base: 0x20000000, Load base: 0x000075b4, Size: 0x00000ad0, Max: 0x00008000, ABSOLUTE)

    Exec Addr    Load Addr    Size         Type   Attr      Idx    E Section Name        Object

    0x20000000   0x000075b4   0x0000002c   Data   RW           14    .data               main.o
    0x2000002c   0x000075e0   0x00000004   Data   RW          109    .data               random.o
    0x20000030   0x000075e4   0x0000002c   Data   RW          126    .data               st7735.o
    0x2000005c   0x00007610   0x00000004   Data   RW          170    .data               timer0.o
    0x20000060   0x00007614   0x00000004   Data   RW          186    .data               timer1.o
    0x20000064   0x00007618   0x00000008   Data   RW          203    .data               uart.o
    0x2000006c        -       0x000001cc   Zero   RW           12    .bss                main.o
    0x20000238        -       0x0000000c   Zero   RW          124    .bss                st7735.o
    0x20000244        -       0x00000028   Zero   RW          202    .bss                uart.o
    0x2000026c        -       0x00000060   Zero   RW          397    .bss                c_w.l(libspace.o)
    0x200002cc   0x00007620   0x00000004   PAD
    0x200002d0        -       0x00000400   Zero   RW            2    HEAP                startup_tm4c123.o
    0x200006d0        -       0x00000400   Zero   RW            1    STACK               startup_tm4c123.o


==============================================================================

Image component sizes


      Code (inc. data)   RO Data    RW Data    ZI Data      Debug   Object Name

         0          0          0          0          0       1232   dac.o
       178          0          0          0          0       1524   fifo.o
       264         30          0          0          0       1283   gameengine.o
      5876        422      12804         44        460      13295   main.o
       124          4          0          0          0        463   pll.o
       268          0          0          0          0        428   print.o
        64         12          0          4          0        882   random.o
       340         26          0          0          0       3770   slidepot.o
      4260        228       2114         44         12      16476   st7735.o
       296         22        620          0       2048       5604   startup_tm4c123.o
       512         56          0          0          0       1521   texas.o
       112         22          0          4          0       1210   timer0.o
       112         22          0          4          0       1210   timer1.o
       536         42          4          8         40       2730   uart.o

    ----------------------------------------------------------------------
     12944        886      15574        108       2560      51628   Object Totals
         0          0         32          0          0          0   (incl. Generated)
         2          0          0          0          0          0   (incl. Padding)

    ----------------------------------------------------------------------

      Code (inc. data)   RO Data    RW Data    ZI Data      Debug   Library Member Name

         8          0          0          0          0         68   __main.o
         0          0          0          0          0          0   __rtentry.o
        12          0          0          0          0          0   __rtentry2.o
         6          0          0          0          0          0   __rtentry4.o
        52          8          0          0          0          0   __scatter.o
        26          0          0          0          0          0   __scatter_copy.o
        28          0          0          0          0          0   __scatter_zi.o
        18          0          0          0          0         80   exit.o
         6          0          0          0          0        152   heapauxi.o
         0          0          0          0          0          0   indicate_semi.o
        36         10          0          0          0         80   init_aeabi.o
         2          0          0          0          0          0   libinit.o
         6          0          0          0          0          0   libinit2.o
         2          0          0          0          0          0   libshutdown.o
         2          0          0          0          0          0   libshutdown2.o
         8          4          0          0         96         68   libspace.o
         2          0          0          0          0          0   rtexit.o
        10          0          0          0          0          0   rtexit2.o
        12          4          0          0          0         68   sys_exit.o
        74          0          0          0          0         80   sys_stackheap_outer.o
         2          0          0          0          0         68   use_no_semi.o
       450          8          0          0          0        236   faddsub_clz.o
        24          0          0          0          0         68   fcmpi.o
       104          4          0          0          0         84   feqf.o
        54          4          0          0          0         84   ffix.o
        48          0          0          0          0         68   fflt_clz.o
       104          4          0          0          0         84   fleqf.o
       258          4          0          0          0         84   fmul.o
       140          4          0          0          0         84   fnaninf.o
        10          0          0          0          0         68   fretinf.o
        98          0          0          0          0         68   frleqf.o
         0          0          0          0          0          0   usenofp.o

    ----------------------------------------------------------------------
      1614         54          0          0        100       1592   Library Totals
        12          0          0          0          4          0   (incl. Padding)

    ----------------------------------------------------------------------

      Code (inc. data)   RO Data    RW Data    ZI Data      Debug   Library Name

       312         26          0          0         96        664   c_w.l
      1290         28          0          0          0        928   fz_ws.l

    ----------------------------------------------------------------------
      1614         54          0          0        100       1592   Library Totals

    ----------------------------------------------------------------------

==============================================================================


      Code (inc. data)   RO Data    RW Data    ZI Data      Debug   

     14558        940      15574        108       2660      51188   Grand Totals
     14558        940      15574        108       2660      51188   ELF Image Totals
     14558        940      15574        108          0          0   ROM Totals

==============================================================================

    Total RO  Size (Code + RO Data)                30132 (  29.43kB)
    Total RW  Size (RW Data + ZI Data)              2768 (   2.70kB)
    Total ROM Size (Code + RO Data + RW Data)      30240 (  29.53kB)

==============================================================================

