<html>
<body>
<pre>
<h1>µVision Build Log</h1>
<h2>Tool Versions:</h2>
IDE-Version: µVision V5.36.0.0
Copyright (C) 2021 ARM Ltd and ARM Germany GmbH. All rights reserved.
License Information: Daniel Yamakov, UT Austin, LIC=----
 
Tool Versions:
Toolchain:       MDK-Lite  Version: 5.36.0.0
Toolchain Path:  C:\Keil_v5\ARM\ARMCC\Bin
C Compiler:      Armcc.exe V5.06 update 7 (build 960)
Assembler:       Armasm.exe V5.06 update 7 (build 960)
Linker/Locator:  ArmLink.exe V5.06 update 7 (build 960)
Library Manager: ArmAr.exe V5.06 update 7 (build 960)
Hex Converter:   FromElf.exe V5.06 update 7 (build 960)
CPU DLL:         SARMCM3.DLL V5.36.0.0
Dialog DLL:      DCM.DLL V1.17.3.0
Target DLL:      lmidk-agdi.dll V???
Dialog DLL:      TCM.DLL V1.53.0.0
 
<h2>Project:</h2>
C:\Keil_v5\EE319KwareSpring2022\Lab10-EE319K-DoodleJump\Lab10_C++.uvprojx
Project File Date:  04/23/2022

<h2>Output:</h2>
*** Using Compiler 'V5.06 update 7 (build 960)', folder: 'C:\Keil_v5\ARM\ARMCC\Bin'
Rebuild target 'Lab 10'
assembling startup_TM4C123.s...
compiling DAC.cpp...
compiling random.cpp...
compiling main.cpp...
main.cpp(88): warning:  #177-D: variable "i"  was declared but never referenced
  	int i;
main.cpp(291): warning:  #174-D: expression has no effect
  			doodler.life == dead;
main.cpp: 2 warnings, 0 errors
compiling PLL.cpp...
compiling Sound.cpp...
Sound.cpp(11): warning:  #177-D: variable "shoot"  was declared but never referenced
  const uint8_t shoot[4080] = {
Sound.cpp(217): warning:  #177-D: variable "invaderkilled"  was declared but never referenced
  const uint8_t invaderkilled[3377] = {
Sound.cpp(388): warning:  #177-D: variable "explosion"  was declared but never referenced
  const uint8_t explosion[2000] = {
Sound.cpp(828): warning:  #177-D: variable "fastinvader1"  was declared but never referenced
  const uint8_t fastinvader1[982] = {
Sound.cpp(880): warning:  #177-D: variable "fastinvader2"  was declared but never referenced
  const uint8_t fastinvader2[1042] = {
Sound.cpp(935): warning:  #177-D: variable "fastinvader3"  was declared but never referenced
  const uint8_t fastinvader3[1054] = {
Sound.cpp(990): warning:  #177-D: variable "fastinvader4"  was declared but never referenced
  const uint8_t fastinvader4[1098] = {
Sound.cpp(1047): warning:  #177-D: variable "highpitch"  was declared but never referenced
  const uint8_t highpitch[1802] = {
Sound.cpp: 8 warnings, 0 errors
compiling SlidePot.cpp...
compiling ST7735.cpp...
compiling Timer0.cpp...
compiling FIFO.cpp...
compiling Timer1.cpp...
assembling print.s...
compiling UART.cpp...
compiling TExaS.cpp...
compiling gameEngine.cpp...
linking...
Program Size: Code=9356 RO-data=18348 RW-data=100 ZI-data=2644  
".\Lab10_C++.axf" - 0 Error(s), 10 Warning(s).

<h2>Software Packages used:</h2>

Package Vendor: ARM
                http://www.keil.com/pack/ARM.CMSIS.5.8.0.pack
                ARM.CMSIS.5.8.0
                CMSIS (Common Microcontroller Software Interface Standard)
   * Component: CORE Version: 5.5.0

Package Vendor: Keil
                http://www.keil.com/pack/Keil.TM4C_DFP.1.1.0.pack
                Keil.TM4C_DFP.1.1.0
                Texas Instruments Tiva C Series Device Support and Examples

<h2>Collection of Component include folders:</h2>
  .\RTE\_Lab_10
  C:\Users\dyamakov\AppData\Local\Arm\Packs\ARM\CMSIS\5.8.0\CMSIS\Core\Include
  C:\Users\dyamakov\AppData\Local\Arm\Packs\Keil\TM4C_DFP\1.1.0\Device\Include\TM4C123

<h2>Collection of Component Files used:</h2>

   * Component: ARM::CMSIS:CORE:5.5.0
Build Time Elapsed:  00:00:02
</pre>
</body>
</html>
